Archive member included to satisfy reference by file (symbol)

c:/st/stm32cubeide_1.7.0/stm32cubeide/plugins/com.st.stm32cube.ide.mcu.externaltools.gnu-tools-for-stm32.9-2020-q2-update.win32_2.0.0.202105311346/tools/bin/../lib/gcc/arm-none-eabi/9.3.1/../../../../arm-none-eabi/lib/thumb/v7-m/nofp\libc_nano.a(lib_a-errno.o)
                              ./Core/Src/syscalls.o (__errno)
c:/st/stm32cubeide_1.7.0/stm32cubeide/plugins/com.st.stm32cube.ide.mcu.externaltools.gnu-tools-for-stm32.9-2020-q2-update.win32_2.0.0.202105311346/tools/bin/../lib/gcc/arm-none-eabi/9.3.1/../../../../arm-none-eabi/lib/thumb/v7-m/nofp\libc_nano.a(lib_a-exit.o)
                              c:/st/stm32cubeide_1.7.0/stm32cubeide/plugins/com.st.stm32cube.ide.mcu.externaltools.gnu-tools-for-stm32.9-2020-q2-update.win32_2.0.0.202105311346/tools/bin/../lib/gcc/arm-none-eabi/9.3.1/../../../../arm-none-eabi/lib/thumb/v7-m/nofp/crt0.o (exit)
c:/st/stm32cubeide_1.7.0/stm32cubeide/plugins/com.st.stm32cube.ide.mcu.externaltools.gnu-tools-for-stm32.9-2020-q2-update.win32_2.0.0.202105311346/tools/bin/../lib/gcc/arm-none-eabi/9.3.1/../../../../arm-none-eabi/lib/thumb/v7-m/nofp\libc_nano.a(lib_a-impure.o)
                              c:/st/stm32cubeide_1.7.0/stm32cubeide/plugins/com.st.stm32cube.ide.mcu.externaltools.gnu-tools-for-stm32.9-2020-q2-update.win32_2.0.0.202105311346/tools/bin/../lib/gcc/arm-none-eabi/9.3.1/../../../../arm-none-eabi/lib/thumb/v7-m/nofp\libc_nano.a(lib_a-exit.o) (_global_impure_ptr)
c:/st/stm32cubeide_1.7.0/stm32cubeide/plugins/com.st.stm32cube.ide.mcu.externaltools.gnu-tools-for-stm32.9-2020-q2-update.win32_2.0.0.202105311346/tools/bin/../lib/gcc/arm-none-eabi/9.3.1/../../../../arm-none-eabi/lib/thumb/v7-m/nofp\libc_nano.a(lib_a-init.o)
                              c:/st/stm32cubeide_1.7.0/stm32cubeide/plugins/com.st.stm32cube.ide.mcu.externaltools.gnu-tools-for-stm32.9-2020-q2-update.win32_2.0.0.202105311346/tools/bin/../lib/gcc/arm-none-eabi/9.3.1/../../../../arm-none-eabi/lib/thumb/v7-m/nofp/crt0.o (__libc_init_array)
c:/st/stm32cubeide_1.7.0/stm32cubeide/plugins/com.st.stm32cube.ide.mcu.externaltools.gnu-tools-for-stm32.9-2020-q2-update.win32_2.0.0.202105311346/tools/bin/../lib/gcc/arm-none-eabi/9.3.1/../../../../arm-none-eabi/lib/thumb/v7-m/nofp\libc_nano.a(lib_a-memset.o)
                              c:/st/stm32cubeide_1.7.0/stm32cubeide/plugins/com.st.stm32cube.ide.mcu.externaltools.gnu-tools-for-stm32.9-2020-q2-update.win32_2.0.0.202105311346/tools/bin/../lib/gcc/arm-none-eabi/9.3.1/../../../../arm-none-eabi/lib/thumb/v7-m/nofp/crt0.o (memset)
c:/st/stm32cubeide_1.7.0/stm32cubeide/plugins/com.st.stm32cube.ide.mcu.externaltools.gnu-tools-for-stm32.9-2020-q2-update.win32_2.0.0.202105311346/tools/bin/../lib/gcc/arm-none-eabi/9.3.1/../../../../arm-none-eabi/lib/thumb/v7-m/nofp\libc_nano.a(lib_a-sprintf.o)
                              ./Core/Src/mode_processing.o (sprintf)
c:/st/stm32cubeide_1.7.0/stm32cubeide/plugins/com.st.stm32cube.ide.mcu.externaltools.gnu-tools-for-stm32.9-2020-q2-update.win32_2.0.0.202105311346/tools/bin/../lib/gcc/arm-none-eabi/9.3.1/../../../../arm-none-eabi/lib/thumb/v7-m/nofp\libc_nano.a(lib_a-strlen.o)
                              ./Core/Src/mode_processing.o (strlen)
c:/st/stm32cubeide_1.7.0/stm32cubeide/plugins/com.st.stm32cube.ide.mcu.externaltools.gnu-tools-for-stm32.9-2020-q2-update.win32_2.0.0.202105311346/tools/bin/../lib/gcc/arm-none-eabi/9.3.1/../../../../arm-none-eabi/lib/thumb/v7-m/nofp\libc_nano.a(lib_a-nano-svfprintf.o)
                              c:/st/stm32cubeide_1.7.0/stm32cubeide/plugins/com.st.stm32cube.ide.mcu.externaltools.gnu-tools-for-stm32.9-2020-q2-update.win32_2.0.0.202105311346/tools/bin/../lib/gcc/arm-none-eabi/9.3.1/../../../../arm-none-eabi/lib/thumb/v7-m/nofp\libc_nano.a(lib_a-sprintf.o) (_svfprintf_r)
c:/st/stm32cubeide_1.7.0/stm32cubeide/plugins/com.st.stm32cube.ide.mcu.externaltools.gnu-tools-for-stm32.9-2020-q2-update.win32_2.0.0.202105311346/tools/bin/../lib/gcc/arm-none-eabi/9.3.1/../../../../arm-none-eabi/lib/thumb/v7-m/nofp\libc_nano.a(lib_a-nano-vfprintf_i.o)
                              c:/st/stm32cubeide_1.7.0/stm32cubeide/plugins/com.st.stm32cube.ide.mcu.externaltools.gnu-tools-for-stm32.9-2020-q2-update.win32_2.0.0.202105311346/tools/bin/../lib/gcc/arm-none-eabi/9.3.1/../../../../arm-none-eabi/lib/thumb/v7-m/nofp\libc_nano.a(lib_a-nano-svfprintf.o) (_printf_i)
c:/st/stm32cubeide_1.7.0/stm32cubeide/plugins/com.st.stm32cube.ide.mcu.externaltools.gnu-tools-for-stm32.9-2020-q2-update.win32_2.0.0.202105311346/tools/bin/../lib/gcc/arm-none-eabi/9.3.1/../../../../arm-none-eabi/lib/thumb/v7-m/nofp\libc_nano.a(lib_a-memchr-stub.o)
                              c:/st/stm32cubeide_1.7.0/stm32cubeide/plugins/com.st.stm32cube.ide.mcu.externaltools.gnu-tools-for-stm32.9-2020-q2-update.win32_2.0.0.202105311346/tools/bin/../lib/gcc/arm-none-eabi/9.3.1/../../../../arm-none-eabi/lib/thumb/v7-m/nofp\libc_nano.a(lib_a-nano-svfprintf.o) (memchr)
[...]
Memory Configuration

Name             Origin             Length             Attributes
RAM              0x0000000020000000 0x0000000000005000 xrw
FLASH            0x0000000008000000 0x0000000000020000 xr
*default*        0x0000000000000000 0xffffffffffffffff

Linker script and memory map

LOAD c:/st/stm32cubeide_1.7.0/stm32cubeide/plugins/com.st.stm32cube.ide.mcu.externaltools.gnu-tools-for-stm32.9-2020-q2-update.win32_2.0.0.202105311346/tools/bin/../lib/gcc/arm-none-eabi/9.3.1/thumb/v7-m/nofp/crti.o
LOAD c:/st/stm32cubeide_1.7.0/stm32cubeide/plugins/com.st.stm32cube.ide.mcu.externaltools.gnu-tools-for-stm32.9-2020-q2-update.win32_2.0.0.202105311346/tools/bin/../lib/gcc/arm-none-eabi/9.3.1/thumb/v7-m/nofp/crtbegin.o
LOAD c:/st/stm32cubeide_1.7.0/stm32cubeide/plugins/com.st.stm32cube.ide.mcu.externaltools.gnu-tools-for-stm32.9-2020-q2-update.win32_2.0.0.202105311346/tools/bin/../lib/gcc/arm-none-eabi/9.3.1/../../../../arm-none-eabi/lib/thumb/v7-m/nofp/crt0.o
LOAD ./Core/Src/input_processing.o
LOAD ./Core/Src/input_reading.o
LOAD ./Core/Src/main.o
LOAD ./Core/Src/mode_processing.o
LOAD ./Core/Src/normal_mode.o
LOAD ./Core/Src/scheduler.o
LOAD ./Core/Src/software_timer.o
LOAD ./Core/Src/stm32f1xx_hal_msp.o
LOAD ./Core/Src/stm32f1xx_it.o
LOAD ./Core/Src/syscalls.o
LOAD ./Core/Src/sysmem.o
LOAD ./Core/Src/system_stm32f1xx.o
LOAD ./Core/Startup/startup_stm32f103rbtx.o
LOAD ./Drivers/STM32F1xx_HAL_Driver/Src/stm32f1xx_hal.o
LOAD ./Drivers/STM32F1xx_HAL_Driver/Src/stm32f1xx_hal_cortex.o
LOAD ./Drivers/STM32F1xx_HAL_Driver/Src/stm32f1xx_hal_dma.o
LOAD ./Drivers/STM32F1xx_HAL_Driver/Src/stm32f1xx_hal_exti.o
LOAD ./Drivers/STM32F1xx_HAL_Driver/Src/stm32f1xx_hal_flash.o
LOAD ./Drivers/STM32F1xx_HAL_Driver/Src/stm32f1xx_hal_flash_ex.o
LOAD ./Drivers/STM32F1xx_HAL_Driver/Src/stm32f1xx_hal_gpio.o
LOAD ./Drivers/STM32F1xx_HAL_Driver/Src/stm32f1xx_hal_gpio_ex.o
LOAD ./Drivers/STM32F1xx_HAL_Driver/Src/stm32f1xx_hal_pwr.o
LOAD ./Drivers/STM32F1xx_HAL_Driver/Src/stm32f1xx_hal_rcc.o
LOAD ./Drivers/STM32F1xx_HAL_Driver/Src/stm32f1xx_hal_rcc_ex.o
LOAD ./Drivers/STM32F1xx_HAL_Driver/Src/stm32f1xx_hal_tim.o
LOAD ./Drivers/STM32F1xx_HAL_Driver/Src/stm32f1xx_hal_tim_ex.o
LOAD ./Drivers/STM32F1xx_HAL_Driver/Src/stm32f1xx_hal_uart.o
START GROUP
LOAD c:/st/stm32cubeide_1.7.0/stm32cubeide/plugins/com.st.stm32cube.ide.mcu.externaltools.gnu-tools-for-stm32.9-2020-q2-update.win32_2.0.0.202105311346/tools/bin/../lib/gcc/arm-none-eabi/9.3.1/../../../../arm-none-eabi/lib/thumb/v7-m/nofp\libc_nano.a
LOAD c:/st/stm32cubeide_1.7.0/stm32cubeide/plugins/com.st.stm32cube.ide.mcu.externaltools.gnu-tools-for-stm32.9-2020-q2-update.win32_2.0.0.202105311346/tools/bin/../lib/gcc/arm-none-eabi/9.3.1/../../../../arm-none-eabi/lib/thumb/v7-m/nofp\libm.a
END GROUP
START GROUP
LOAD c:/st/stm32cubeide_1.7.0/stm32cubeide/plugins/com.st.stm32cube.ide.mcu.externaltools.gnu-tools-for-stm32.9-2020-q2-update.win32_2.0.0.202105311346/tools/bin/../lib/gcc/arm-none-eabi/9.3.1/thumb/v7-m/nofp\libgcc.a
LOAD c:/st/stm32cubeide_1.7.0/stm32cubeide/plugins/com.st.stm32cube.ide.mcu.externaltools.gnu-tools-for-stm32.9-2020-q2-update.win32_2.0.0.202105311346/tools/bin/../lib/gcc/arm-none-eabi/9.3.1/../../../../arm-none-eabi/lib/thumb/v7-m/nofp\libc_nano.a
END GROUP
START GROUP
LOAD c:/st/stm32cubeide_1.7.0/stm32cubeide/plugins/com.st.stm32cube.ide.mcu.externaltools.gnu-tools-for-stm32.9-2020-q2-update.win32_2.0.0.202105311346/tools/bin/../lib/gcc/arm-none-eabi/9.3.1/thumb/v7-m/nofp\libgcc.a
LOAD c:/st/stm32cubeide_1.7.0/stm32cubeide/plugins/com.st.stm32cube.ide.mcu.externaltools.gnu-tools-for-stm32.9-2020-q2-update.win32_2.0.0.202105311346/tools/bin/../lib/gcc/arm-none-eabi/9.3.1/../../../../arm-none-eabi/lib/thumb/v7-m/nofp\libc_nano.a
LOAD c:/st/stm32cubeide_1.7.0/stm32cubeide/plugins/com.st.stm32cube.ide.mcu.externaltools.gnu-tools-for-stm32.9-2020-q2-update.win32_2.0.0.202105311346/tools/bin/../lib/gcc/arm-none-eabi/9.3.1/../../../../arm-none-eabi/lib/thumb/v7-m/nofp\libnosys.a
END GROUP
START GROUP
LOAD c:/st/stm32cubeide_1.7.0/stm32cubeide/plugins/com.st.stm32cube.ide.mcu.externaltools.gnu-tools-for-stm32.9-2020-q2-update.win32_2.0.0.202105311346/tools/bin/../lib/gcc/arm-none-eabi/9.3.1/thumb/v7-m/nofp\libgcc.a
LOAD c:/st/stm32cubeide_1.7.0/stm32cubeide/plugins/com.st.stm32cube.ide.mcu.externaltools.gnu-tools-for-stm32.9-2020-q2-update.win32_2.0.0.202105311346/tools/bin/../lib/gcc/arm-none-eabi/9.3.1/../../../../arm-none-eabi/lib/thumb/v7-m/nofp\libc_nano.a
LOAD c:/st/stm32cubeide_1.7.0/stm32cubeide/plugins/com.st.stm32cube.ide.mcu.externaltools.gnu-tools-for-stm32.9-2020-q2-update.win32_2.0.0.202105311346/tools/bin/../lib/gcc/arm-none-eabi/9.3.1/../../../../arm-none-eabi/lib/thumb/v7-m/nofp\libnosys.a
END GROUP
LOAD c:/st/stm32cubeide_1.7.0/stm32cubeide/plugins/com.st.stm32cube.ide.mcu.externaltools.gnu-tools-for-stm32.9-2020-q2-update.win32_2.0.0.202105311346/tools/bin/../lib/gcc/arm-none-eabi/9.3.1/thumb/v7-m/nofp/crtend.o
LOAD c:/st/stm32cubeide_1.7.0/stm32cubeide/plugins/com.st.stm32cube.ide.mcu.externaltools.gnu-tools-for-stm32.9-2020-q2-update.win32_2.0.0.202105311346/tools/bin/../lib/gcc/arm-none-eabi/9.3.1/thumb/v7-m/nofp/crtn.o
                0x0000000020005000                _estack = (ORIGIN (RAM) + LENGTH (RAM))
                0x0000000000000200                _Min_Heap_Size = 0x200
                0x0000000000000400                _Min_Stack_Size = 0x400

.isr_vector     0x0000000008000000      0x10c
                0x0000000008000000                . = ALIGN (0x4)
 *(.isr_vector)
 .isr_vector    0x0000000008000000      0x10c ./Core/Startup/startup_stm32f103rbtx.o
                0x0000000008000000                g_pfnVectors
                0x000000000800010c                . = ALIGN (0x4)

.text           0x000000000800010c     0x4ffc
                0x000000000800010c                . = ALIGN (0x4)
 *(.text)
 .text          0x000000000800010c       0x40 c:/st/stm32cubeide_1.7.0/stm32cubeide/plugins/com.st.stm32cube.ide.mcu.externaltools.gnu-tools-for-stm32.9-2020-q2-update.win32_2.0.0.202105311346/tools/bin/../lib/gcc/arm-none-eabi/9.3.1/thumb/v7-m/nofp/crtbegin.o
 .text          0x000000000800014c       0x10 c:/st/stm32cubeide_1.7.0/stm32cubeide/plugins/com.st.stm32cube.ide.mcu.externaltools.gnu-tools-for-stm32.9-2020-q2-update.win32_2.0.0.202105311346/tools/bin/../lib/gcc/arm-none-eabi/9.3.1/../../../../arm-none-eabi/lib/thumb/v7-m/nofp\libc_nano.a(lib_a-strlen.o)
                0x000000000800014c                strlen
 *(.text*)
 .text.fsm_for_input_processing
                0x000000000800015c      0x23c ./Core/Src/input_processing.o
                0x000000000800015c                fsm_for_input_processing
 .text.button_reading
                0x0000000008000398       0xf8 ./Core/Src/input_reading.o
                0x0000000008000398                button_reading
 .text.is_button_pressed
                0x0000000008000490       0x34 ./Core/Src/input_reading.o
                0x0000000008000490                is_button_pressed
 .text.is_button_pressed_1s
                0x00000000080004c4       0x34 ./Core/Src/input_reading.o
                0x00000000080004c4                is_button_pressed_1s
 .text.main     0x00000000080004f8       0x68 ./Core/Src/main.o
                0x00000000080004f8                main
 .text.SystemClock_Config
                0x0000000008000560       0x82 ./Core/Src/main.o
                0x0000000008000560                SystemClock_Config
 *fill*         0x00000000080005e2        0x2 
 .text.MX_TIM2_Init
                0x00000000080005e4       0x98 ./Core/Src/main.o
 .text.MX_TIM3_Init
                0x000000000800067c       0xec ./Core/Src/main.o
 .text.MX_USART2_UART_Init
                0x0000000008000768       0x54 ./Core/Src/main.o
 .text.MX_GPIO_Init
                0x00000000080007bc       0xdc ./Core/Src/main.o
 .text.HAL_TIM_PeriodElapsedCallback
                0x0000000008000898       0x1e ./Core/Src/main.o
                0x0000000008000898                HAL_TIM_PeriodElapsedCallback
 .text.Error_Handler
                0x00000000080008b6        0xa ./Core/Src/main.o
                0x00000000080008b6                Error_Handler
 .text.checkFlagPedes
                0x00000000080008c0       0x4c ./Core/Src/mode_processing.o
                0x00000000080008c0                checkFlagPedes
 .text.initBuzzerPedes
                0x000000000800090c       0x18 ./Core/Src/mode_processing.o
                0x000000000800090c                initBuzzerPedes
 .text.buzzerPedes
                0x0000000008000924       0x5c ./Core/Src/mode_processing.o
                0x0000000008000924                buzzerPedes
 .text.clearTerminal
                0x0000000008000980       0x34 ./Core/Src/mode_processing.o
                0x0000000008000980                clearTerminal
 .text.printString
                0x00000000080009b4       0x2c ./Core/Src/mode_processing.o
                0x00000000080009b4                printString
 .text.printValue
                0x00000000080009e0       0x38 ./Core/Src/mode_processing.o
                0x00000000080009e0                printValue
 .text.displayTLValues
                0x0000000008000a18       0xd0 ./Core/Src/mode_processing.o
                0x0000000008000a18                displayTLValues
 .text.modify_red
                0x0000000008000ae8       0x94 ./Core/Src/mode_processing.o
                0x0000000008000ae8                modify_red
 .text.modify_yellow
                0x0000000008000b7c       0x94 ./Core/Src/mode_processing.o
                0x0000000008000b7c                modify_yellow
 .text.modify_green
                0x0000000008000c10       0x94 ./Core/Src/mode_processing.o
                0x0000000008000c10                modify_green
 .text.setRedPedes
                0x0000000008000ca4       0x28 ./Core/Src/mode_processing.o
                0x0000000008000ca4                setRedPedes
 .text.setGreenPedes
                0x0000000008000ccc       0x28 ./Core/Src/mode_processing.o
                0x0000000008000ccc                setGreenPedes
 .text.pes_processing
                0x0000000008000cf4      0x128 ./Core/Src/mode_processing.o
                0x0000000008000cf4                pes_processing
 .text.mode_processing
                0x0000000008000e1c      0x39c ./Core/Src/mode_processing.o
                0x0000000008000e1c                mode_processing
 .text.traffic_light
                0x00000000080011b8      0x220 ./Core/Src/normal_mode.o
                0x00000000080011b8                traffic_light
 .text.SCH_Init
                0x00000000080013d8       0x2a ./Core/Src/scheduler.o
                0x00000000080013d8                SCH_Init
 *fill*         0x0000000008001402        0x2 
 .text.Get_New_Task_ID
                0x0000000008001404       0x30 ./Core/Src/scheduler.o
 .text.SCH_Add_Task
                0x0000000008001434      0x2ac ./Core/Src/scheduler.o
                0x0000000008001434                SCH_Add_Task
 .text.SCH_Dispatch_Tasks
                0x00000000080016e0       0x50 ./Core/Src/scheduler.o
                0x00000000080016e0                SCH_Dispatch_Tasks
 .text.SCH_Delete_Task
                0x0000000008001730      0x1e8 ./Core/Src/scheduler.o
                0x0000000008001730                SCH_Delete_Task
 .text.SCH_Update
                0x0000000008001918       0x40 ./Core/Src/scheduler.o
                0x0000000008001918                SCH_Update
 .text.setTimer0
                0x0000000008001958       0x38 ./Core/Src/software_timer.o
                0x0000000008001958                setTimer0
 .text.setTimer1
                0x0000000008001990       0x38 ./Core/Src/software_timer.o
                0x0000000008001990                setTimer1
 .text.timerRun
                0x00000000080019c8       0x5c ./Core/Src/software_timer.o
                0x00000000080019c8                timerRun
 .text.HAL_MspInit
                0x0000000008001a24       0x64 ./Core/Src/stm32f1xx_hal_msp.o
                0x0000000008001a24                HAL_MspInit
 .text.HAL_TIM_Base_MspInit
                0x0000000008001a88       0x70 ./Core/Src/stm32f1xx_hal_msp.o
                0x0000000008001a88                HAL_TIM_Base_MspInit
 .text.HAL_TIM_MspPostInit
                0x0000000008001af8       0x64 ./Core/Src/stm32f1xx_hal_msp.o
                0x0000000008001af8                HAL_TIM_MspPostInit
 .text.HAL_UART_MspInit
                0x0000000008001b5c       0xa4 ./Core/Src/stm32f1xx_hal_msp.o
                0x0000000008001b5c                HAL_UART_MspInit
 .text.NMI_Handler
                0x0000000008001c00        0x6 ./Core/Src/stm32f1xx_it.o
                0x0000000008001c00                NMI_Handler
 .text.HardFault_Handler
                0x0000000008001c06        0x6 ./Core/Src/stm32f1xx_it.o
                0x0000000008001c06                HardFault_Handler
 .text.MemManage_Handler
                0x0000000008001c0c        0x6 ./Core/Src/stm32f1xx_it.o
                0x0000000008001c0c                MemManage_Handler
 .text.BusFault_Handler
                0x0000000008001c12        0x6 ./Core/Src/stm32f1xx_it.o
                0x0000000008001c12                BusFault_Handler
 .text.UsageFault_Handler
                0x0000000008001c18        0x6 ./Core/Src/stm32f1xx_it.o
                0x0000000008001c18                UsageFault_Handler
 .text.SVC_Handler
                0x0000000008001c1e        0xc ./Core/Src/stm32f1xx_it.o
                0x0000000008001c1e                SVC_Handler
 .text.DebugMon_Handler
                0x0000000008001c2a        0xc ./Core/Src/stm32f1xx_it.o
                0x0000000008001c2a                DebugMon_Handler
 .text.PendSV_Handler
                0x0000000008001c36        0xc ./Core/Src/stm32f1xx_it.o
                0x0000000008001c36                PendSV_Handler
 .text.SysTick_Handler
                0x0000000008001c42        0xc ./Core/Src/stm32f1xx_it.o
                0x0000000008001c42                SysTick_Handler
 *fill*         0x0000000008001c4e        0x2 
 .text.TIM2_IRQHandler
                0x0000000008001c50       0x14 ./Core/Src/stm32f1xx_it.o
                0x0000000008001c50                TIM2_IRQHandler
 .text.USART2_IRQHandler
                0x0000000008001c64       0x14 ./Core/Src/stm32f1xx_it.o
                0x0000000008001c64                USART2_IRQHandler
 .text._sbrk    0x0000000008001c78       0x6c ./Core/Src/sysmem.o
                0x0000000008001c78                _sbrk
 .text.SystemInit
                0x0000000008001ce4        0xc ./Core/Src/system_stm32f1xx.o
                0x0000000008001ce4                SystemInit
 .text.Reset_Handler
                0x0000000008001cf0       0x48 ./Core/Startup/startup_stm32f103rbtx.o
                0x0000000008001cf0                Reset_Handler
 .text.Default_Handler
                0x0000000008001d38        0x2 ./Core/Startup/startup_stm32f103rbtx.o
                0x0000000008001d38                RTC_Alarm_IRQHandler
                0x0000000008001d38                EXTI2_IRQHandler
                0x0000000008001d38                TIM1_CC_IRQHandler
                0x0000000008001d38                PVD_IRQHandler
                0x0000000008001d38                EXTI3_IRQHandler
                0x0000000008001d38                EXTI0_IRQHandler
                0x0000000008001d38                I2C2_EV_IRQHandler
                0x0000000008001d38                ADC1_2_IRQHandler
                0x0000000008001d38                SPI1_IRQHandler
                0x0000000008001d38                TAMPER_IRQHandler
                0x0000000008001d38                DMA1_Channel4_IRQHandler
                0x0000000008001d38                USART3_IRQHandler
                0x0000000008001d38                RTC_IRQHandler
                0x0000000008001d38                DMA1_Channel7_IRQHandler
                0x0000000008001d38                CAN1_RX1_IRQHandler
                0x0000000008001d38                TIM4_IRQHandler
                0x0000000008001d38                I2C1_EV_IRQHandler
                0x0000000008001d38                DMA1_Channel6_IRQHandler
                0x0000000008001d38                TIM3_IRQHandler
                0x0000000008001d38                RCC_IRQHandler
                0x0000000008001d38                TIM1_TRG_COM_IRQHandler
                0x0000000008001d38                DMA1_Channel1_IRQHandler
                0x0000000008001d38                Default_Handler
                0x0000000008001d38                EXTI15_10_IRQHandler
                0x0000000008001d38                EXTI9_5_IRQHandler
                0x0000000008001d38                SPI2_IRQHandler
                0x0000000008001d38                DMA1_Channel5_IRQHandler
                0x0000000008001d38                EXTI4_IRQHandler
                0x0000000008001d38                USB_LP_CAN1_RX0_IRQHandler
                0x0000000008001d38                USB_HP_CAN1_TX_IRQHandler
                0x0000000008001d38                DMA1_Channel3_IRQHandler
                0x0000000008001d38                TIM1_UP_IRQHandler
                0x0000000008001d38                WWDG_IRQHandler
                0x0000000008001d38                TIM1_BRK_IRQHandler
                0x0000000008001d38                EXTI1_IRQHandler
                0x0000000008001d38                I2C2_ER_IRQHandler
                0x0000000008001d38                DMA1_Channel2_IRQHandler
                0x0000000008001d38                CAN1_SCE_IRQHandler
                0x0000000008001d38                FLASH_IRQHandler
                0x0000000008001d38                USART1_IRQHandler
                0x0000000008001d38                I2C1_ER_IRQHandler
                0x0000000008001d38                USBWakeUp_IRQHandler
 *fill*         0x0000000008001d3a        0x2 
 .text.HAL_Init
                0x0000000008001d3c       0x2c ./Drivers/STM32F1xx_HAL_Driver/Src/stm32f1xx_hal.o
                0x0000000008001d3c                HAL_Init
 .text.HAL_InitTick
                0x0000000008001d68       0x60 ./Drivers/STM32F1xx_HAL_Driver/Src/stm32f1xx_hal.o
                0x0000000008001d68                HAL_InitTick
 .text.HAL_IncTick
                0x0000000008001dc8       0x24 ./Drivers/STM32F1xx_HAL_Driver/Src/stm32f1xx_hal.o
                0x0000000008001dc8                HAL_IncTick
 .text.HAL_GetTick
                0x0000000008001dec       0x14 ./Drivers/STM32F1xx_HAL_Driver/Src/stm32f1xx_hal.o
                0x0000000008001dec                HAL_GetTick
 .text.__NVIC_SetPriorityGrouping
                0x0000000008001e00       0x48 ./Drivers/STM32F1xx_HAL_Driver/Src/stm32f1xx_hal_cortex.o
 .text.__NVIC_GetPriorityGrouping
                0x0000000008001e48       0x1c ./Drivers/STM32F1xx_HAL_Driver/Src/stm32f1xx_hal_cortex.o
 .text.__NVIC_EnableIRQ
                0x0000000008001e64       0x38 ./Drivers/STM32F1xx_HAL_Driver/Src/stm32f1xx_hal_cortex.o
 .text.__NVIC_SetPriority
                0x0000000008001e9c       0x54 ./Drivers/STM32F1xx_HAL_Driver/Src/stm32f1xx_hal_cortex.o
 .text.NVIC_EncodePriority
                0x0000000008001ef0       0x64 ./Drivers/STM32F1xx_HAL_Driver/Src/stm32f1xx_hal_cortex.o
 .text.SysTick_Config
                0x0000000008001f54       0x44 ./Drivers/STM32F1xx_HAL_Driver/Src/stm32f1xx_hal_cortex.o
 .text.HAL_NVIC_SetPriorityGrouping
                0x0000000008001f98       0x16 ./Drivers/STM32F1xx_HAL_Driver/Src/stm32f1xx_hal_cortex.o
                0x0000000008001f98                HAL_NVIC_SetPriorityGrouping
 .text.HAL_NVIC_SetPriority
                0x0000000008001fae       0x38 ./Drivers/STM32F1xx_HAL_Driver/Src/stm32f1xx_hal_cortex.o
                0x0000000008001fae                HAL_NVIC_SetPriority
 .text.HAL_NVIC_EnableIRQ
                0x0000000008001fe6       0x1c ./Drivers/STM32F1xx_HAL_Driver/Src/stm32f1xx_hal_cortex.o
                0x0000000008001fe6                HAL_NVIC_EnableIRQ
 .text.HAL_SYSTICK_Config
                0x0000000008002002       0x18 ./Drivers/STM32F1xx_HAL_Driver/Src/stm32f1xx_hal_cortex.o
                0x0000000008002002                HAL_SYSTICK_Config
 .text.HAL_DMA_Abort
                0x000000000800201a       0x76 ./Drivers/STM32F1xx_HAL_Driver/Src/stm32f1xx_hal_dma.o
                0x000000000800201a                HAL_DMA_Abort
 .text.HAL_DMA_Abort_IT
                0x0000000008002090       0xf0 ./Drivers/STM32F1xx_HAL_Driver/Src/stm32f1xx_hal_dma.o
                0x0000000008002090                HAL_DMA_Abort_IT
 .text.HAL_GPIO_Init
                0x0000000008002180      0x308 ./Drivers/STM32F1xx_HAL_Driver/Src/stm32f1xx_hal_gpio.o
                0x0000000008002180                HAL_GPIO_Init
 .text.HAL_GPIO_ReadPin
                0x0000000008002488       0x2e ./Drivers/STM32F1xx_HAL_Driver/Src/stm32f1xx_hal_gpio.o
                0x0000000008002488                HAL_GPIO_ReadPin
 .text.HAL_GPIO_WritePin
                0x00000000080024b6       0x30 ./Drivers/STM32F1xx_HAL_Driver/Src/stm32f1xx_hal_gpio.o
                0x00000000080024b6                HAL_GPIO_WritePin
 *fill*         0x00000000080024e6        0x2 
 .text.HAL_RCC_OscConfig
                0x00000000080024e8      0x500 ./Drivers/STM32F1xx_HAL_Driver/Src/stm32f1xx_hal_rcc.o
                0x00000000080024e8                HAL_RCC_OscConfig
 .text.HAL_RCC_ClockConfig
                0x00000000080029e8      0x1d4 ./Drivers/STM32F1xx_HAL_Driver/Src/stm32f1xx_hal_rcc.o
                0x00000000080029e8                HAL_RCC_ClockConfig
 .text.HAL_RCC_GetSysClockFreq
                0x0000000008002bbc       0xa8 ./Drivers/STM32F1xx_HAL_Driver/Src/stm32f1xx_hal_rcc.o
                0x0000000008002bbc                HAL_RCC_GetSysClockFreq
 .text.HAL_RCC_GetHCLKFreq
                0x0000000008002c64       0x14 ./Drivers/STM32F1xx_HAL_Driver/Src/stm32f1xx_hal_rcc.o
                0x0000000008002c64                HAL_RCC_GetHCLKFreq
 .text.HAL_RCC_GetPCLK1Freq
                0x0000000008002c78       0x28 ./Drivers/STM32F1xx_HAL_Driver/Src/stm32f1xx_hal_rcc.o
                0x0000000008002c78                HAL_RCC_GetPCLK1Freq
 .text.HAL_RCC_GetPCLK2Freq
                0x0000000008002ca0       0x28 ./Drivers/STM32F1xx_HAL_Driver/Src/stm32f1xx_hal_rcc.o
                0x0000000008002ca0                HAL_RCC_GetPCLK2Freq
 .text.RCC_Delay
                0x0000000008002cc8       0x3c ./Drivers/STM32F1xx_HAL_Driver/Src/stm32f1xx_hal_rcc.o
 .text.HAL_TIM_Base_Init
                0x0000000008002d04       0x9e ./Drivers/STM32F1xx_HAL_Driver/Src/stm32f1xx_hal_tim.o
                0x0000000008002d04                HAL_TIM_Base_Init
 *fill*         0x0000000008002da2        0x2 
 .text.HAL_TIM_Base_Start_IT
                0x0000000008002da4       0xa4 ./Drivers/STM32F1xx_HAL_Driver/Src/stm32f1xx_hal_tim.o
                0x0000000008002da4                HAL_TIM_Base_Start_IT
 .text.HAL_TIM_PWM_Init
                0x0000000008002e48       0x9e ./Drivers/STM32F1xx_HAL_Driver/Src/stm32f1xx_hal_tim.o
                0x0000000008002e48                HAL_TIM_PWM_Init
 .text.HAL_TIM_PWM_MspInit
                0x0000000008002ee6       0x12 ./Drivers/STM32F1xx_HAL_Driver/Src/stm32f1xx_hal_tim.o
                0x0000000008002ee6                HAL_TIM_PWM_MspInit
 .text.HAL_TIM_PWM_Start
                0x0000000008002ef8      0x144 ./Drivers/STM32F1xx_HAL_Driver/Src/stm32f1xx_hal_tim.o
                0x0000000008002ef8                HAL_TIM_PWM_Start
 .text.HAL_TIM_IRQHandler
                0x000000000800303c      0x210 ./Drivers/STM32F1xx_HAL_Driver/Src/stm32f1xx_hal_tim.o
                0x000000000800303c                HAL_TIM_IRQHandler
 .text.HAL_TIM_PWM_ConfigChannel
                0x000000000800324c      0x184 ./Drivers/STM32F1xx_HAL_Driver/Src/stm32f1xx_hal_tim.o
                0x000000000800324c                HAL_TIM_PWM_ConfigChannel
 .text.HAL_TIM_ConfigClockSource
                0x00000000080033d0      0x18e ./Drivers/STM32F1xx_HAL_Driver/Src/stm32f1xx_hal_tim.o
                0x00000000080033d0                HAL_TIM_ConfigClockSource
 .text.HAL_TIM_OC_DelayElapsedCallback
                0x000000000800355e       0x12 ./Drivers/STM32F1xx_HAL_Driver/Src/stm32f1xx_hal_tim.o
                0x000000000800355e                HAL_TIM_OC_DelayElapsedCallback
 .text.HAL_TIM_IC_CaptureCallback
                0x0000000008003570       0x12 ./Drivers/STM32F1xx_HAL_Driver/Src/stm32f1xx_hal_tim.o
                0x0000000008003570                HAL_TIM_IC_CaptureCallback
 .text.HAL_TIM_PWM_PulseFinishedCallback
                0x0000000008003582       0x12 ./Drivers/STM32F1xx_HAL_Driver/Src/stm32f1xx_hal_tim.o
                0x0000000008003582                HAL_TIM_PWM_PulseFinishedCallback
 .text.HAL_TIM_TriggerCallback
                0x0000000008003594       0x12 ./Drivers/STM32F1xx_HAL_Driver/Src/stm32f1xx_hal_tim.o
                0x0000000008003594                HAL_TIM_TriggerCallback
 *fill*         0x00000000080035a6        0x2 
 .text.TIM_Base_SetConfig
                0x00000000080035a8       0xc4 ./Drivers/STM32F1xx_HAL_Driver/Src/stm32f1xx_hal_tim.o
                0x00000000080035a8                TIM_Base_SetConfig
 .text.TIM_OC1_SetConfig
                0x000000000800366c       0xcc ./Drivers/STM32F1xx_HAL_Driver/Src/stm32f1xx_hal_tim.o
 .text.TIM_OC2_SetConfig
                0x0000000008003738       0xd4 ./Drivers/STM32F1xx_HAL_Driver/Src/stm32f1xx_hal_tim.o
                0x0000000008003738                TIM_OC2_SetConfig
 .text.TIM_OC3_SetConfig
                0x000000000800380c       0xd4 ./Drivers/STM32F1xx_HAL_Driver/Src/stm32f1xx_hal_tim.o
 .text.TIM_OC4_SetConfig
                0x00000000080038e0       0x9c ./Drivers/STM32F1xx_HAL_Driver/Src/stm32f1xx_hal_tim.o
 .text.TIM_TI1_ConfigInputStage
                0x000000000800397c       0x5c ./Drivers/STM32F1xx_HAL_Driver/Src/stm32f1xx_hal_tim.o
 .text.TIM_TI2_ConfigInputStage
                0x00000000080039d8       0x5e ./Drivers/STM32F1xx_HAL_Driver/Src/stm32f1xx_hal_tim.o
 .text.TIM_ITRx_SetConfig
                0x0000000008003a36       0x34 ./Drivers/STM32F1xx_HAL_Driver/Src/stm32f1xx_hal_tim.o
 .text.TIM_ETR_SetConfig
                0x0000000008003a6a       0x3e ./Drivers/STM32F1xx_HAL_Driver/Src/stm32f1xx_hal_tim.o
                0x0000000008003a6a                TIM_ETR_SetConfig
 .text.TIM_CCxChannelCmd
                0x0000000008003aa8       0x48 ./Drivers/STM32F1xx_HAL_Driver/Src/stm32f1xx_hal_tim.o
                0x0000000008003aa8                TIM_CCxChannelCmd
 .text.HAL_TIMEx_MasterConfigSynchronization
                0x0000000008003af0       0xbc ./Drivers/STM32F1xx_HAL_Driver/Src/stm32f1xx_hal_tim_ex.o
                0x0000000008003af0                HAL_TIMEx_MasterConfigSynchronization
 .text.HAL_TIMEx_CommutCallback
                0x0000000008003bac       0x12 ./Drivers/STM32F1xx_HAL_Driver/Src/stm32f1xx_hal_tim_ex.o
                0x0000000008003bac                HAL_TIMEx_CommutCallback
 .text.HAL_TIMEx_BreakCallback
                0x0000000008003bbe       0x12 ./Drivers/STM32F1xx_HAL_Driver/Src/stm32f1xx_hal_tim_ex.o
                0x0000000008003bbe                HAL_TIMEx_BreakCallback
 .text.HAL_UART_Init
                0x0000000008003bd0       0xa0 ./Drivers/STM32F1xx_HAL_Driver/Src/stm32f1xx_hal_uart.o
                0x0000000008003bd0                HAL_UART_Init
 .text.HAL_UART_Transmit
                0x0000000008003c70      0x106 ./Drivers/STM32F1xx_HAL_Driver/Src/stm32f1xx_hal_uart.o
                0x0000000008003c70                HAL_UART_Transmit
 *fill*         0x0000000008003d76        0x2 
 .text.HAL_UART_IRQHandler
                0x0000000008003d78      0x524 ./Drivers/STM32F1xx_HAL_Driver/Src/stm32f1xx_hal_uart.o
                0x0000000008003d78                HAL_UART_IRQHandler
 .text.HAL_UART_TxCpltCallback
                0x000000000800429c       0x12 ./Drivers/STM32F1xx_HAL_Driver/Src/stm32f1xx_hal_uart.o
                0x000000000800429c                HAL_UART_TxCpltCallback
 .text.HAL_UART_RxCpltCallback
                0x00000000080042ae       0x12 ./Drivers/STM32F1xx_HAL_Driver/Src/stm32f1xx_hal_uart.o
                0x00000000080042ae                HAL_UART_RxCpltCallback
 .text.HAL_UART_ErrorCallback
                0x00000000080042c0       0x12 ./Drivers/STM32F1xx_HAL_Driver/Src/stm32f1xx_hal_uart.o
                0x00000000080042c0                HAL_UART_ErrorCallback
 .text.HAL_UARTEx_RxEventCallback
                0x00000000080042d2       0x16 ./Drivers/STM32F1xx_HAL_Driver/Src/stm32f1xx_hal_uart.o
                0x00000000080042d2                HAL_UARTEx_RxEventCallback
 .text.UART_WaitOnFlagUntilTimeout
                0x00000000080042e8       0xdc ./Drivers/STM32F1xx_HAL_Driver/Src/stm32f1xx_hal_uart.o
 .text.UART_EndRxTransfer
                0x00000000080043c4       0xc4 ./Drivers/STM32F1xx_HAL_Driver/Src/stm32f1xx_hal_uart.o
 .text.UART_DMAAbortOnError
                0x0000000008004488       0x28 ./Drivers/STM32F1xx_HAL_Driver/Src/stm32f1xx_hal_uart.o
 .text.UART_Transmit_IT
                0x00000000080044b0       0x9e ./Drivers/STM32F1xx_HAL_Driver/Src/stm32f1xx_hal_uart.o
 .text.UART_EndTransmit_IT
                0x000000000800454e       0x30 ./Drivers/STM32F1xx_HAL_Driver/Src/stm32f1xx_hal_uart.o
 .text.UART_Receive_IT
                0x000000000800457e      0x17c ./Drivers/STM32F1xx_HAL_Driver/Src/stm32f1xx_hal_uart.o
 *fill*         0x00000000080046fa        0x2 
 .text.UART_SetConfig
                0x00000000080046fc      0x11c ./Drivers/STM32F1xx_HAL_Driver/Src/stm32f1xx_hal_uart.o
 .text.__errno  0x0000000008004818        0xc c:/st/stm32cubeide_1.7.0/stm32cubeide/plugins/com.st.stm32cube.ide.mcu.externaltools.gnu-tools-for-stm32.9-2020-q2-update.win32_2.0.0.202105311346/tools/bin/../lib/gcc/arm-none-eabi/9.3.1/../../../../arm-none-eabi/lib/thumb/v7-m/nofp\libc_nano.a(lib_a-errno.o)
                0x0000000008004818                __errno
 .text.__libc_init_array
                0x0000000008004824       0x48 c:/st/stm32cubeide_1.7.0/stm32cubeide/plugins/com.st.stm32cube.ide.mcu.externaltools.gnu-tools-for-stm32.9-2020-q2-update.win32_2.0.0.202105311346/tools/bin/../lib/gcc/arm-none-eabi/9.3.1/../../../../arm-none-eabi/lib/thumb/v7-m/nofp\libc_nano.a(lib_a-init.o)
                0x0000000008004824                __libc_init_array
 .text.memset   0x000000000800486c       0x10 c:/st/stm32cubeide_1.7.0/stm32cubeide/plugins/com.st.stm32cube.ide.mcu.externaltools.gnu-tools-for-stm32.9-2020-q2-update.win32_2.0.0.202105311346/tools/bin/../lib/gcc/arm-none-eabi/9.3.1/../../../../arm-none-eabi/lib/thumb/v7-m/nofp\libc_nano.a(lib_a-memset.o)
                0x000000000800486c                memset
 .text.sprintf  0x000000000800487c       0x40 c:/st/stm32cubeide_1.7.0/stm32cubeide/plugins/com.st.stm32cube.ide.mcu.externaltools.gnu-tools-for-stm32.9-2020-q2-update.win32_2.0.0.202105311346/tools/bin/../lib/gcc/arm-none-eabi/9.3.1/../../../../arm-none-eabi/lib/thumb/v7-m/nofp\libc_nano.a(lib_a-sprintf.o)
                0x000000000800487c                siprintf
                0x000000000800487c                sprintf
 .text.__ssputs_r
                0x00000000080048bc       0xb6 c:/st/stm32cubeide_1.7.0/stm32cubeide/plugins/com.st.stm32cube.ide.mcu.externaltools.gnu-tools-for-stm32.9-2020-q2-update.win32_2.0.0.202105311346/tools/bin/../lib/gcc/arm-none-eabi/9.3.1/../../../../arm-none-eabi/lib/thumb/v7-m/nofp\libc_nano.a(lib_a-nano-svfprintf.o)
                0x00000000080048bc                __ssputs_r
 *fill*         0x0000000008004972        0x2 
 .text._svfprintf_r
                0x0000000008004974      0x200 c:/st/stm32cubeide_1.7.0/stm32cubeide/plugins/com.st.stm32cube.ide.mcu.externaltools.gnu-tools-for-stm32.9-2020-q2-update.win32_2.0.0.202105311346/tools/bin/../lib/gcc/arm-none-eabi/9.3.1/../../../../arm-none-eabi/lib/thumb/v7-m/nofp\libc_nano.a(lib_a-nano-svfprintf.o)
                0x0000000008004974                _svfiprintf_r
                0x0000000008004974                _svfprintf_r
 .text._printf_common
                0x0000000008004b74       0xde c:/st/stm32cubeide_1.7.0/stm32cubeide/plugins/com.st.stm32cube.ide.mcu.externaltools.gnu-tools-for-stm32.9-2020-q2-update.win32_2.0.0.202105311346/tools/bin/../lib/gcc/arm-none-eabi/9.3.1/../../../../arm-none-eabi/lib/thumb/v7-m/nofp\libc_nano.a(lib_a-nano-vfprintf_i.o)
                0x0000000008004b74                _printf_common
 *fill*         0x0000000008004c52        0x2 
 .text._printf_i
                0x0000000008004c54      0x24c c:/st/stm32cubeide_1.7.0/stm32cubeide/plugins/com.st.stm32cube.ide.mcu.externaltools.gnu-tools-for-stm32.9-2020-q2-update.win32_2.0.0.202105311346/tools/bin/../lib/gcc/arm-none-eabi/9.3.1/../../../../arm-none-eabi/lib/thumb/v7-m/nofp\libc_nano.a(lib_a-nano-vfprintf_i.o)
                0x0000000008004c54                _printf_i
 .text.memchr   0x0000000008004ea0       0x1c c:/st/stm32cubeide_1.7.0/stm32cubeide/plugins/com.st.stm32cube.ide.mcu.externaltools.gnu-tools-for-stm32.9-2020-q2-update.win32_2.0.0.202105311346/tools/bin/../lib/gcc/arm-none-eabi/9.3.1/../../../../arm-none-eabi/lib/thumb/v7-m/nofp\libc_nano.a(lib_a-memchr-stub.o)
                0x0000000008004ea0                memchr
 .text.memcpy   0x0000000008004ebc       0x1c c:/st/stm32cubeide_1.7.0/stm32cubeide/plugins/com.st.stm32cube.ide.mcu.externaltools.gnu-tools-for-stm32.9-2020-q2-update.win32_2.0.0.202105311346/tools/bin/../lib/gcc/arm-none-eabi/9.3.1/../../../../arm-none-eabi/lib/thumb/v7-m/nofp\libc_nano.a(lib_a-memcpy-stub.o)
                0x0000000008004ebc                memcpy
 .text.memmove  0x0000000008004ed8       0x34 c:/st/stm32cubeide_1.7.0/stm32cubeide/plugins/com.st.stm32cube.ide.mcu.externaltools.gnu-tools-for-stm32.9-2020-q2-update.win32_2.0.0.202105311346/tools/bin/../lib/gcc/arm-none-eabi/9.3.1/../../../../arm-none-eabi/lib/thumb/v7-m/nofp\libc_nano.a(lib_a-memmove.o)
                0x0000000008004ed8                memmove
 .text._free_r  0x0000000008004f0c       0x98 c:/st/stm32cubeide_1.7.0/stm32cubeide/plugins/com.st.stm32cube.ide.mcu.externaltools.gnu-tools-for-stm32.9-2020-q2-update.win32_2.0.0.202105311346/tools/bin/../lib/gcc/arm-none-eabi/9.3.1/../../../../arm-none-eabi/lib/thumb/v7-m/nofp\libc_nano.a(lib_a-nano-freer.o)
                0x0000000008004f0c                _free_r
 .text._malloc_r
                0x0000000008004fa4       0xb4 c:/st/stm32cubeide_1.7.0/stm32cubeide/plugins/com.st.stm32cube.ide.mcu.externaltools.gnu-tools-for-stm32.9-2020-q2-update.win32_2.0.0.202105311346/tools/bin/../lib/gcc/arm-none-eabi/9.3.1/../../../../arm-none-eabi/lib/thumb/v7-m/nofp\libc_nano.a(lib_a-nano-mallocr.o)
                0x0000000008004fa4                _malloc_r
 .text._realloc_r
                0x0000000008005058       0x4c c:/st/stm32cubeide_1.7.0/stm32cubeide/plugins/com.st.stm32cube.ide.mcu.externaltools.gnu-tools-for-stm32.9-2020-q2-update.win32_2.0.0.202105311346/tools/bin/../lib/gcc/arm-none-eabi/9.3.1/../../../../arm-none-eabi/lib/thumb/v7-m/nofp\libc_nano.a(lib_a-nano-reallocr.o)
                0x0000000008005058                _realloc_r
 .text._sbrk_r  0x00000000080050a4       0x20 c:/st/stm32cubeide_1.7.0/stm32cubeide/plugins/com.st.stm32cube.ide.mcu.externaltools.gnu-tools-for-stm32.9-2020-q2-update.win32_2.0.0.202105311346/tools/bin/../lib/gcc/arm-none-eabi/9.3.1/../../../../arm-none-eabi/lib/thumb/v7-m/nofp\libc_nano.a(lib_a-sbrkr.o)
                0x00000000080050a4                _sbrk_r
 .text.__malloc_lock
                0x00000000080050c4        0xc c:/st/stm32cubeide_1.7.0/stm32cubeide/plugins/com.st.stm32cube.ide.mcu.externaltools.gnu-tools-for-stm32.9-2020-q2-update.win32_2.0.0.202105311346/tools/bin/../lib/gcc/arm-none-eabi/9.3.1/../../../../arm-none-eabi/lib/thumb/v7-m/nofp\libc_nano.a(lib_a-mlock.o)
                0x00000000080050c4                __malloc_lock
 .text.__malloc_unlock
                0x00000000080050d0        0xc c:/st/stm32cubeide_1.7.0/stm32cubeide/plugins/com.st.stm32cube.ide.mcu.externaltools.gnu-tools-for-stm32.9-2020-q2-update.win32_2.0.0.202105311346/tools/bin/../lib/gcc/arm-none-eabi/9.3.1/../../../../arm-none-eabi/lib/thumb/v7-m/nofp\libc_nano.a(lib_a-mlock.o)
                0x00000000080050d0                __malloc_unlock
 .text._malloc_usable_size_r
                0x00000000080050dc       0x10 c:/st/stm32cubeide_1.7.0/stm32cubeide/plugins/com.st.stm32cube.ide.mcu.externaltools.gnu-tools-for-stm32.9-2020-q2-update.win32_2.0.0.202105311346/tools/bin/../lib/gcc/arm-none-eabi/9.3.1/../../../../arm-none-eabi/lib/thumb/v7-m/nofp\libc_nano.a(lib_a-nano-msizer.o)
                0x00000000080050dc                _malloc_usable_size_r
 .text.__retarget_lock_acquire_recursive
                0x00000000080050ec        0x2 c:/st/stm32cubeide_1.7.0/stm32cubeide/plugins/com.st.stm32cube.ide.mcu.externaltools.gnu-tools-for-stm32.9-2020-q2-update.win32_2.0.0.202105311346/tools/bin/../lib/gcc/arm-none-eabi/9.3.1/../../../../arm-none-eabi/lib/thumb/v7-m/nofp\libc_nano.a(lib_a-lock.o)
                0x00000000080050ec                __retarget_lock_acquire_recursive
 .text.__retarget_lock_release_recursive
                0x00000000080050ee        0x2 c:/st/stm32cubeide_1.7.0/stm32cubeide/plugins/com.st.stm32cube.ide.mcu.externaltools.gnu-tools-for-stm32.9-2020-q2-update.win32_2.0.0.202105311346/tools/bin/../lib/gcc/arm-none-eabi/9.3.1/../../../../arm-none-eabi/lib/thumb/v7-m/nofp\libc_nano.a(lib_a-lock.o)
                0x00000000080050ee                __retarget_lock_release_recursive
 *(.glue_7)
 .glue_7        0x00000000080050f0        0x0 linker stubs
 *(.glue_7t)
 .glue_7t       0x00000000080050f0        0x0 linker stubs
 *(.eh_frame)
 .eh_frame      0x00000000080050f0        0x0 c:/st/stm32cubeide_1.7.0/stm32cubeide/plugins/com.st.stm32cube.ide.mcu.externaltools.gnu-tools-for-stm32.9-2020-q2-update.win32_2.0.0.202105311346/tools/bin/../lib/gcc/arm-none-eabi/9.3.1/thumb/v7-m/nofp/crtbegin.o
 *(.init)
 .init          0x00000000080050f0        0x4 c:/st/stm32cubeide_1.7.0/stm32cubeide/plugins/com.st.stm32cube.ide.mcu.externaltools.gnu-tools-for-stm32.9-2020-q2-update.win32_2.0.0.202105311346/tools/bin/../lib/gcc/arm-none-eabi/9.3.1/thumb/v7-m/nofp/crti.o
                0x00000000080050f0                _init
 .init          0x00000000080050f4        0x8 c:/st/stm32cubeide_1.7.0/stm32cubeide/plugins/com.st.stm32cube.ide.mcu.externaltools.gnu-tools-for-stm32.9-2020-q2-update.win32_2.0.0.202105311346/tools/bin/../lib/gcc/arm-none-eabi/9.3.1/thumb/v7-m/nofp/crtn.o
 *(.fini)
 .fini          0x00000000080050fc        0x4 c:/st/stm32cubeide_1.7.0/stm32cubeide/plugins/com.st.stm32cube.ide.mcu.externaltools.gnu-tools-for-stm32.9-2020-q2-update.win32_2.0.0.202105311346/tools/bin/../lib/gcc/arm-none-eabi/9.3.1/thumb/v7-m/nofp/crti.o
                0x00000000080050fc                _fini
 .fini          0x0000000008005100        0x8 c:/st/stm32cubeide_1.7.0/stm32cubeide/plugins/com.st.stm32cube.ide.mcu.externaltools.gnu-tools-for-stm32.9-2020-q2-update.win32_2.0.0.202105311346/tools/bin/../lib/gcc/arm-none-eabi/9.3.1/thumb/v7-m/nofp/crtn.o
                0x0000000008005108                . = ALIGN (0x4)
                0x0000000008005108                _etext = .

.vfp11_veneer   0x0000000008005108        0x0
 .vfp11_veneer  0x0000000008005108        0x0 linker stubs

.v4_bx          0x0000000008005108        0x0
 .v4_bx         0x0000000008005108        0x0 linker stubs

.iplt           0x0000000008005108        0x0
 .iplt          0x0000000008005108        0x0 c:/st/stm32cubeide_1.7.0/stm32cubeide/plugins/com.st.stm32cube.ide.mcu.externaltools.gnu-tools-for-stm32.9-2020-q2-update.win32_2.0.0.202105311346/tools/bin/../lib/gcc/arm-none-eabi/9.3.1/thumb/v7-m/nofp/crtbegin.o

.rodata         0x0000000008005108      0x128
                0x0000000008005108                . = ALIGN (0x4)
 *(.rodata)
 .rodata        0x0000000008005108       0xc6 ./Core/Src/mode_processing.o
 *(.rodata*)
 *fill*         0x00000000080051ce        0x2 
 .rodata.AHBPrescTable
                0x00000000080051d0       0x10 ./Core/Src/system_stm32f1xx.o
                0x00000000080051d0                AHBPrescTable
 .rodata.APBPrescTable
                0x00000000080051e0        0x8 ./Core/Src/system_stm32f1xx.o
                0x00000000080051e0                APBPrescTable
 .rodata.aPLLMULFactorTable.6196
                0x00000000080051e8       0x10 ./Drivers/STM32F1xx_HAL_Driver/Src/stm32f1xx_hal_rcc.o
 .rodata.aPredivFactorTable.6197
                0x00000000080051f8        0x2 ./Drivers/STM32F1xx_HAL_Driver/Src/stm32f1xx_hal_rcc.o
 .rodata._svfprintf_r.str1.1
                0x00000000080051fa       0x11 c:/st/stm32cubeide_1.7.0/stm32cubeide/plugins/com.st.stm32cube.ide.mcu.externaltools.gnu-tools-for-stm32.9-2020-q2-update.win32_2.0.0.202105311346/tools/bin/../lib/gcc/arm-none-eabi/9.3.1/../../../../arm-none-eabi/lib/thumb/v7-m/nofp\libc_nano.a(lib_a-nano-svfprintf.o)
 .rodata._printf_i.str1.1
                0x000000000800520b       0x22 c:/st/stm32cubeide_1.7.0/stm32cubeide/plugins/com.st.stm32cube.ide.mcu.externaltools.gnu-tools-for-stm32.9-2020-q2-update.win32_2.0.0.202105311346/tools/bin/../lib/gcc/arm-none-eabi/9.3.1/../../../../arm-none-eabi/lib/thumb/v7-m/nofp\libc_nano.a(lib_a-nano-vfprintf_i.o)
                0x0000000008005230                . = ALIGN (0x4)
 *fill*         0x000000000800522d        0x3 

.rel.dyn        0x0000000008005230        0x0
 .rel.iplt      0x0000000008005230        0x0 c:/st/stm32cubeide_1.7.0/stm32cubeide/plugins/com.st.stm32cube.ide.mcu.externaltools.gnu-tools-for-stm32.9-2020-q2-update.win32_2.0.0.202105311346/tools/bin/../lib/gcc/arm-none-eabi/9.3.1/thumb/v7-m/nofp/crtbegin.o

.ARM.extab      0x0000000008005230        0x0
                0x0000000008005230                . = ALIGN (0x4)
 *(.ARM.extab* .gnu.linkonce.armextab.*)
                0x0000000008005230                . = ALIGN (0x4)

.ARM            0x0000000008005230        0x0
                0x0000000008005230                . = ALIGN (0x4)
                0x0000000008005230                __exidx_start = .
 *(.ARM.exidx*)
                0x0000000008005230                __exidx_end = .
                0x0000000008005230                . = ALIGN (0x4)

.preinit_array  0x0000000008005230        0x0
                0x0000000008005230                . = ALIGN (0x4)
                0x0000000008005230                PROVIDE (__preinit_array_start = .)
 *(.preinit_array*)
                0x0000000008005230                PROVIDE (__preinit_array_end = .)
                0x0000000008005230                . = ALIGN (0x4)

.init_array     0x0000000008005230        0x4
                0x0000000008005230                . = ALIGN (0x4)
                0x0000000008005230                PROVIDE (__init_array_start = .)
 *(SORT_BY_NAME(.init_array.*))
 *(.init_array*)
 .init_array    0x0000000008005230        0x4 c:/st/stm32cubeide_1.7.0/stm32cubeide/plugins/com.st.stm32cube.ide.mcu.externaltools.gnu-tools-for-stm32.9-2020-q2-update.win32_2.0.0.202105311346/tools/bin/../lib/gcc/arm-none-eabi/9.3.1/thumb/v7-m/nofp/crtbegin.o
                0x0000000008005234                PROVIDE (__init_array_end = .)
                0x0000000008005234                . = ALIGN (0x4)

.fini_array     0x0000000008005234        0x4
                0x0000000008005234                . = ALIGN (0x4)
                [!provide]                        PROVIDE (__fini_array_start = .)
 *(SORT_BY_NAME(.fini_array.*))
 *(.fini_array*)
 .fini_array    0x0000000008005234        0x4 c:/st/stm32cubeide_1.7.0/stm32cubeide/plugins/com.st.stm32cube.ide.mcu.externaltools.gnu-tools-for-stm32.9-2020-q2-update.win32_2.0.0.202105311346/tools/bin/../lib/gcc/arm-none-eabi/9.3.1/thumb/v7-m/nofp/crtbegin.o
                [!provide]                        PROVIDE (__fini_array_end = .)
                0x0000000008005238                . = ALIGN (0x4)
                0x0000000008005238                _sidata = LOADADDR (.data)

.data           0x0000000020000000       0x94 load address 0x0000000008005238
                0x0000000020000000                . = ALIGN (0x4)
                0x0000000020000000                _sdata = .
 *(.data)
 *(.data*)
 .data.debounceButtonBuffer1
                0x0000000020000000        0x4 ./Core/Src/input_reading.o
 .data.debounceButtonBuffer2
                0x0000000020000004        0x4 ./Core/Src/input_reading.o
 .data.BUTTON   0x0000000020000008        0x8 ./Core/Src/input_reading.o
                0x0000000020000008                BUTTON
 .data.led_time
                0x0000000020000010        0xc ./Core/Src/normal_mode.o
                0x0000000020000010                led_time
 .data.timer0_counter
                0x000000002000001c        0x4 ./Core/Src/software_timer.o
                0x000000002000001c                timer0_counter
 .data.timer1_counter
                0x0000000020000020        0x4 ./Core/Src/software_timer.o
                0x0000000020000020                timer1_counter
 .data.SystemCoreClock
                0x0000000020000024        0x4 ./Core/Src/system_stm32f1xx.o
                0x0000000020000024                SystemCoreClock
 .data.uwTickPrio
                0x0000000020000028        0x4 ./Drivers/STM32F1xx_HAL_Driver/Src/stm32f1xx_hal.o
                0x0000000020000028                uwTickPrio
 .data.uwTickFreq
                0x000000002000002c        0x1 ./Drivers/STM32F1xx_HAL_Driver/Src/stm32f1xx_hal.o
                0x000000002000002c                uwTickFreq
 *fill*         0x000000002000002d        0x3 
 .data._impure_ptr
                0x0000000020000030        0x4 c:/st/stm32cubeide_1.7.0/stm32cubeide/plugins/com.st.stm32cube.ide.mcu.externaltools.gnu-tools-for-stm32.9-2020-q2-update.win32_2.0.0.202105311346/tools/bin/../lib/gcc/arm-none-eabi/9.3.1/../../../../arm-none-eabi/lib/thumb/v7-m/nofp\libc_nano.a(lib_a-impure.o)
                0x0000000020000030                _impure_ptr
 .data.impure_data
                0x0000000020000034       0x60 c:/st/stm32cubeide_1.7.0/stm32cubeide/plugins/com.st.stm32cube.ide.mcu.externaltools.gnu-tools-for-stm32.9-2020-q2-update.win32_2.0.0.202105311346/tools/bin/../lib/gcc/arm-none-eabi/9.3.1/../../../../arm-none-eabi/lib/thumb/v7-m/nofp\libc_nano.a(lib_a-impure.o)
 *(.RamFunc)
 *(.RamFunc*)
                0x0000000020000094                . = ALIGN (0x4)
                0x0000000020000094                _edata = .

.igot.plt       0x0000000020000094        0x0 load address 0x00000000080052cc
 .igot.plt      0x0000000020000094        0x0 c:/st/stm32cubeide_1.7.0/stm32cubeide/plugins/com.st.stm32cube.ide.mcu.externaltools.gnu-tools-for-stm32.9-2020-q2-update.win32_2.0.0.202105311346/tools/bin/../lib/gcc/arm-none-eabi/9.3.1/thumb/v7-m/nofp/crtbegin.o
                0x0000000020000094                . = ALIGN (0x4)

.bss            0x0000000020000094      0x490 load address 0x00000000080052cc
                0x0000000020000094                _sbss = .
                0x0000000020000094                __bss_start__ = _sbss
 *(.bss)
 .bss           0x0000000020000094       0x1c c:/st/stm32cubeide_1.7.0/stm32cubeide/plugins/com.st.stm32cube.ide.mcu.externaltools.gnu-tools-for-stm32.9-2020-q2-update.win32_2.0.0.202105311346/tools/bin/../lib/gcc/arm-none-eabi/9.3.1/thumb/v7-m/nofp/crtbegin.o
 *(.bss*)
 .bss.buttonState_0
                0x00000000200000b0        0x1 ./Core/Src/input_processing.o
                0x00000000200000b0                buttonState_0
 .bss.buttonState_1
                0x00000000200000b1        0x1 ./Core/Src/input_processing.o
                0x00000000200000b1                buttonState_1
 .bss.buttonState_2
                0x00000000200000b2        0x1 ./Core/Src/input_processing.o
                0x00000000200000b2                buttonState_2
 .bss.buttonState_3
                0x00000000200000b3        0x1 ./Core/Src/input_processing.o
                0x00000000200000b3                buttonState_3
 .bss.light_state
                0x00000000200000b4        0x1 ./Core/Src/input_processing.o
                0x00000000200000b4                light_state
 .bss.mode      0x00000000200000b5        0x1 ./Core/Src/input_processing.o
                0x00000000200000b5                mode
 *fill*         0x00000000200000b6        0x2 
 .bss.is_press_flag
                0x00000000200000b8       0x10 ./Core/Src/input_processing.o
                0x00000000200000b8                is_press_flag
 .bss.buttonBuffer
                0x00000000200000c8        0x4 ./Core/Src/input_reading.o
 .bss.flagForButtonPress1s
                0x00000000200000cc        0x4 ./Core/Src/input_reading.o
 .bss.counterForButtonPress1s
                0x00000000200000d0        0x8 ./Core/Src/input_reading.o
 .bss.checkflag
                0x00000000200000d8        0x4 ./Core/Src/mode_processing.o
                0x00000000200000d8                checkflag
 .bss.buzzer    0x00000000200000dc        0x4 ./Core/Src/mode_processing.o
                0x00000000200000dc                buzzer
 .bss.pedesFlag
                0x00000000200000e0        0x4 ./Core/Src/mode_processing.o
                0x00000000200000e0                pedesFlag
 .bss.toggleLED
                0x00000000200000e4        0x4 ./Core/Src/mode_processing.o
                0x00000000200000e4                toggleLED
 .bss.reduce_time
                0x00000000200000e8        0x4 ./Core/Src/mode_processing.o
                0x00000000200000e8                reduce_time
 .bss.led_time_buffer
                0x00000000200000ec        0xc ./Core/Src/normal_mode.o
                0x00000000200000ec                led_time_buffer
 .bss.horizontal_countdown
                0x00000000200000f8        0x4 ./Core/Src/normal_mode.o
                0x00000000200000f8                horizontal_countdown
 .bss.vertical_countdown
                0x00000000200000fc        0x4 ./Core/Src/normal_mode.o
                0x00000000200000fc                vertical_countdown
 .bss.newTaskID
                0x0000000020000100        0x4 ./Core/Src/scheduler.o
 .bss.timer0_flag
                0x0000000020000104        0x4 ./Core/Src/software_timer.o
                0x0000000020000104                timer0_flag
 .bss.timer1_flag
                0x0000000020000108        0x4 ./Core/Src/software_timer.o
                0x0000000020000108                timer1_flag
 .bss.__sbrk_heap_end
                0x000000002000010c        0x4 ./Core/Src/sysmem.o
 .bss.__malloc_free_list
                0x0000000020000110        0x4 c:/st/stm32cubeide_1.7.0/stm32cubeide/plugins/com.st.stm32cube.ide.mcu.externaltools.gnu-tools-for-stm32.9-2020-q2-update.win32_2.0.0.202105311346/tools/bin/../lib/gcc/arm-none-eabi/9.3.1/../../../../arm-none-eabi/lib/thumb/v7-m/nofp\libc_nano.a(lib_a-nano-mallocr.o)
                0x0000000020000110                __malloc_free_list
 .bss.__malloc_sbrk_start
                0x0000000020000114        0x4 c:/st/stm32cubeide_1.7.0/stm32cubeide/plugins/com.st.stm32cube.ide.mcu.externaltools.gnu-tools-for-stm32.9-2020-q2-update.win32_2.0.0.202105311346/tools/bin/../lib/gcc/arm-none-eabi/9.3.1/../../../../arm-none-eabi/lib/thumb/v7-m/nofp\libc_nano.a(lib_a-nano-mallocr.o)
                0x0000000020000114                __malloc_sbrk_start
 *(COMMON)
 COMMON         0x0000000020000118      0x3f8 ./Core/Src/main.o
                0x0000000020000118                SCH_tasks_G
                0x0000000020000438                htim3
                0x0000000020000480                htim2
                0x00000000200004c8                huart2
 COMMON         0x0000000020000510        0x4 ./Drivers/STM32F1xx_HAL_Driver/Src/stm32f1xx_hal.o
                0x0000000020000510                uwTick
 COMMON         0x0000000020000514        0x4 c:/st/stm32cubeide_1.7.0/stm32cubeide/plugins/com.st.stm32cube.ide.mcu.externaltools.gnu-tools-for-stm32.9-2020-q2-update.win32_2.0.0.202105311346/tools/bin/../lib/gcc/arm-none-eabi/9.3.1/../../../../arm-none-eabi/lib/thumb/v7-m/nofp\libc_nano.a(lib_a-reent.o)
                0x0000000020000514                errno
 COMMON         0x0000000020000518        0x9 c:/st/stm32cubeide_1.7.0/stm32cubeide/plugins/com.st.stm32cube.ide.mcu.externaltools.gnu-tools-for-stm32.9-2020-q2-update.win32_2.0.0.202105311346/tools/bin/../lib/gcc/arm-none-eabi/9.3.1/../../../../arm-none-eabi/lib/thumb/v7-m/nofp\libc_nano.a(lib_a-lock.o)
                0x0000000020000518                __lock___atexit_recursive_mutex
                0x0000000020000519                __lock___arc4random_mutex
                0x000000002000051a                __lock___env_recursive_mutex
                0x000000002000051b                __lock___sinit_recursive_mutex
                0x000000002000051c                __lock___malloc_recursive_mutex
                0x000000002000051d                __lock___at_quick_exit_mutex
                0x000000002000051e                __lock___dd_hash_mutex
                0x000000002000051f                __lock___tz_mutex
                0x0000000020000520                __lock___sfp_recursive_mutex
                0x0000000020000524                . = ALIGN (0x4)
 *fill*         0x0000000020000521        0x3 
                0x0000000020000524                _ebss = .
                0x0000000020000524                __bss_end__ = _ebss

._user_heap_stack
                0x0000000020000524      0x604 load address 0x00000000080052cc
                0x0000000020000528                . = ALIGN (0x8)
 *fill*         0x0000000020000524        0x4 
                [!provide]                        PROVIDE (end = .)
                0x0000000020000528                PROVIDE (_end = .)
                0x0000000020000728                . = (. + _Min_Heap_Size)
 *fill*         0x0000000020000528      0x200 
                0x0000000020000b28                . = (. + _Min_Stack_Size)
 *fill*         0x0000000020000728      0x400 
                0x0000000020000b28                . = ALIGN (0x8)

/DISCARD/
 libc.a(*)
 libm.a(*)
 libgcc.a(*)

.ARM.attributes
                0x0000000000000000       0x29
 *(.ARM.attributes)
 .ARM.attributes
                0x0000000000000000       0x1d c:/st/stm32cubeide_1.7.0/stm32cubeide/plugins/com.st.stm32cube.ide.mcu.externaltools.gnu-tools-for-stm32.9-2020-q2-update.win32_2.0.0.202105311346/tools/bin/../lib/gcc/arm-none-eabi/9.3.1/thumb/v7-m/nofp/crti.o
 .ARM.attributes
                0x000000000000001d       0x2d c:/st/stm32cubeide_1.7.0/stm32cubeide/plugins/com.st.stm32cube.ide.mcu.externaltools.gnu-tools-for-stm32.9-2020-q2-update.win32_2.0.0.202105311346/tools/bin/../lib/gcc/arm-none-eabi/9.3.1/thumb/v7-m/nofp/crtbegin.o
 .ARM.attributes
                0x000000000000004a       0x2d ./Core/Src/input_processing.o
 .ARM.attributes
                0x0000000000000077       0x2d ./Core/Src/input_reading.o
 .ARM.attributes
                0x00000000000000a4       0x2d ./Core/Src/main.o
 .ARM.attributes
                0x00000000000000d1       0x2d ./Core/Src/mode_processing.o
 .ARM.attributes
                0x00000000000000fe       0x2d ./Core/Src/normal_mode.o
 .ARM.attributes
                0x000000000000012b       0x2d ./Core/Src/scheduler.o
 .ARM.attributes
                0x0000000000000158       0x2d ./Core/Src/software_timer.o
 .ARM.attributes
                0x0000000000000185       0x2d ./Core/Src/stm32f1xx_hal_msp.o
 .ARM.attributes
                0x00000000000001b2       0x2d ./Core/Src/stm32f1xx_it.o
 .ARM.attributes
                0x00000000000001df       0x2d ./Core/Src/sysmem.o
 .ARM.attributes
                0x000000000000020c       0x2d ./Core/Src/system_stm32f1xx.o
 .ARM.attributes
                0x0000000000000239       0x21 ./Core/Startup/startup_stm32f103rbtx.o
 .ARM.attributes
                0x000000000000025a       0x2d ./Drivers/STM32F1xx_HAL_Driver/Src/stm32f1xx_hal.o
 .ARM.attributes
                0x0000000000000287       0x2d ./Drivers/STM32F1xx_HAL_Driver/Src/stm32f1xx_hal_cortex.o
 .ARM.attributes
                0x00000000000002b4       0x2d ./Drivers/STM32F1xx_HAL_Driver/Src/stm32f1xx_hal_dma.o
 .ARM.attributes
                0x00000000000002e1       0x2d ./Drivers/STM32F1xx_HAL_Driver/Src/stm32f1xx_hal_gpio.o
 .ARM.attributes
                0x000000000000030e       0x2d ./Drivers/STM32F1xx_HAL_Driver/Src/stm32f1xx_hal_rcc.o
 .ARM.attributes
                0x000000000000033b       0x2d ./Drivers/STM32F1xx_HAL_Driver/Src/stm32f1xx_hal_tim.o
 .ARM.attributes
                0x0000000000000368       0x2d ./Drivers/STM32F1xx_HAL_Driver/Src/stm32f1xx_hal_tim_ex.o
 .ARM.attributes
                0x0000000000000395       0x2d ./Drivers/STM32F1xx_HAL_Driver/Src/stm32f1xx_hal_uart.o
 .ARM.attributes
                0x00000000000003c2       0x2d c:/st/stm32cubeide_1.7.0/stm32cubeide/plugins/com.st.stm32cube.ide.mcu.externaltools.gnu-tools-for-stm32.9-2020-q2-update.win32_2.0.0.202105311346/tools/bin/../lib/gcc/arm-none-eabi/9.3.1/../../../../arm-none-eabi/lib/thumb/v7-m/nofp\libc_nano.a(lib_a-errno.o)
 .ARM.attributes
                0x00000000000003ef       0x2d c:/st/stm32cubeide_1.7.0/stm32cubeide/plugins/com.st.stm32cube.ide.mcu.externaltools.gnu-tools-for-stm32.9-2020-q2-update.win32_2.0.0.202105311346/tools/bin/../lib/gcc/arm-none-eabi/9.3.1/../../../../arm-none-eabi/lib/thumb/v7-m/nofp\libc_nano.a(lib_a-impure.o)
 .ARM.attributes
                0x000000000000041c       0x2d c:/st/stm32cubeide_1.7.0/stm32cubeide/plugins/com.st.stm32cube.ide.mcu.externaltools.gnu-tools-for-stm32.9-2020-q2-update.win32_2.0.0.202105311346/tools/bin/../lib/gcc/arm-none-eabi/9.3.1/../../../../arm-none-eabi/lib/thumb/v7-m/nofp\libc_nano.a(lib_a-init.o)
 .ARM.attributes
                0x0000000000000449       0x2d c:/st/stm32cubeide_1.7.0/stm32cubeide/plugins/com.st.stm32cube.ide.mcu.externaltools.gnu-tools-for-stm32.9-2020-q2-update.win32_2.0.0.202105311346/tools/bin/../lib/gcc/arm-none-eabi/9.3.1/../../../../arm-none-eabi/lib/thumb/v7-m/nofp\libc_nano.a(lib_a-memset.o)
 .ARM.attributes
                0x0000000000000476       0x2d c:/st/stm32cubeide_1.7.0/stm32cubeide/plugins/com.st.stm32cube.ide.mcu.externaltools.gnu-tools-for-stm32.9-2020-q2-update.win32_2.0.0.202105311346/tools/bin/../lib/gcc/arm-none-eabi/9.3.1/../../../../arm-none-eabi/lib/thumb/v7-m/nofp\libc_nano.a(lib_a-sprintf.o)
 .ARM.attributes
                0x00000000000004a3       0x17 c:/st/stm32cubeide_1.7.0/stm32cubeide/plugins/com.st.stm32cube.ide.mcu.externaltools.gnu-tools-for-stm32.9-2020-q2-update.win32_2.0.0.202105311346/tools/bin/../lib/gcc/arm-none-eabi/9.3.1/../../../../arm-none-eabi/lib/thumb/v7-m/nofp\libc_nano.a(lib_a-strlen.o)
 .ARM.attributes
                0x00000000000004ba       0x2d c:/st/stm32cubeide_1.7.0/stm32cubeide/plugins/com.st.stm32cube.ide.mcu.externaltools.gnu-tools-for-stm32.9-2020-q2-update.win32_2.0.0.202105311346/tools/bin/../lib/gcc/arm-none-eabi/9.3.1/../../../../arm-none-eabi/lib/thumb/v7-m/nofp\libc_nano.a(lib_a-nano-svfprintf.o)
 .ARM.attributes
                0x00000000000004e7       0x2d c:/st/stm32cubeide_1.7.0/stm32cubeide/plugins/com.st.stm32cube.ide.mcu.externaltools.gnu-tools-for-stm32.9-2020-q2-update.win32_2.0.0.202105311346/tools/bin/../lib/gcc/arm-none-eabi/9.3.1/../../../../arm-none-eabi/lib/thumb/v7-m/nofp\libc_nano.a(lib_a-nano-vfprintf_i.o)
 .ARM.attributes
                0x0000000000000514       0x2d c:/st/stm32cubeide_1.7.0/stm32cubeide/plugins/com.st.stm32cube.ide.mcu.externaltools.gnu-tools-for-stm32.9-2020-q2-update.win32_2.0.0.202105311346/tools/bin/../lib/gcc/arm-none-eabi/9.3.1/../../../../arm-none-eabi/lib/thumb/v7-m/nofp\libc_nano.a(lib_a-memchr-stub.o)
 .ARM.attributes
                0x0000000000000541       0x2d c:/st/stm32cubeide_1.7.0/stm32cubeide/plugins/com.st.stm32cube.ide.mcu.externaltools.gnu-tools-for-stm32.9-2020-q2-update.win32_2.0.0.202105311346/tools/bin/../lib/gcc/arm-none-eabi/9.3.1/../../../../arm-none-eabi/lib/thumb/v7-m/nofp\libc_nano.a(lib_a-memcpy-stub.o)
 .ARM.attributes
                0x000000000000056e       0x2d c:/st/stm32cubeide_1.7.0/stm32cubeide/plugins/com.st.stm32cube.ide.mcu.externaltools.gnu-tools-for-stm32.9-2020-q2-update.win32_2.0.0.202105311346/tools/bin/../lib/gcc/arm-none-eabi/9.3.1/../../../../arm-none-eabi/lib/thumb/v7-m/nofp\libc_nano.a(lib_a-memmove.o)
 .ARM.attributes
                0x000000000000059b       0x2d c:/st/stm32cubeide_1.7.0/stm32cubeide/plugins/com.st.stm32cube.ide.mcu.externaltools.gnu-tools-for-stm32.9-2020-q2-update.win32_2.0.0.202105311346/tools/bin/../lib/gcc/arm-none-eabi/9.3.1/../../../../arm-none-eabi/lib/thumb/v7-m/nofp\libc_nano.a(lib_a-nano-freer.o)
 .ARM.attributes
                0x00000000000005c8       0x2d c:/st/stm32cubeide_1.7.0/stm32cubeide/plugins/com.st.stm32cube.ide.mcu.externaltools.gnu-tools-for-stm32.9-2020-q2-update.win32_2.0.0.202105311346/tools/bin/../lib/gcc/arm-none-eabi/9.3.1/../../../../arm-none-eabi/lib/thumb/v7-m/nofp\libc_nano.a(lib_a-nano-mallocr.o)
 .ARM.attributes
                0x00000000000005f5       0x2d c:/st/stm32cubeide_1.7.0/stm32cubeide/plugins/com.st.stm32cube.ide.mcu.externaltools.gnu-tools-for-stm32.9-2020-q2-update.win32_2.0.0.202105311346/tools/bin/../lib/gcc/arm-none-eabi/9.3.1/../../../../arm-none-eabi/lib/thumb/v7-m/nofp\libc_nano.a(lib_a-nano-reallocr.o)
 .ARM.attributes
                0x0000000000000622       0x2d c:/st/stm32cubeide_1.7.0/stm32cubeide/plugins/com.st.stm32cube.ide.mcu.externaltools.gnu-tools-for-stm32.9-2020-q2-update.win32_2.0.0.202105311346/tools/bin/../lib/gcc/arm-none-eabi/9.3.1/../../../../arm-none-eabi/lib/thumb/v7-m/nofp\libc_nano.a(lib_a-sbrkr.o)
 .ARM.attributes
                0x000000000000064f       0x2d c:/st/stm32cubeide_1.7.0/stm32cubeide/plugins/com.st.stm32cube.ide.mcu.externaltools.gnu-tools-for-stm32.9-2020-q2-update.win32_2.0.0.202105311346/tools/bin/../lib/gcc/arm-none-eabi/9.3.1/../../../../arm-none-eabi/lib/thumb/v7-m/nofp\libc_nano.a(lib_a-mlock.o)
 .ARM.attributes
                0x000000000000067c       0x2d c:/st/stm32cubeide_1.7.0/stm32cubeide/plugins/com.st.stm32cube.ide.mcu.externaltools.gnu-tools-for-stm32.9-2020-q2-update.win32_2.0.0.202105311346/tools/bin/../lib/gcc/arm-none-eabi/9.3.1/../../../../arm-none-eabi/lib/thumb/v7-m/nofp\libc_nano.a(lib_a-nano-msizer.o)
 .ARM.attributes
                0x00000000000006a9       0x2d c:/st/stm32cubeide_1.7.0/stm32cubeide/plugins/com.st.stm32cube.ide.mcu.externaltools.gnu-tools-for-stm32.9-2020-q2-update.win32_2.0.0.202105311346/tools/bin/../lib/gcc/arm-none-eabi/9.3.1/../../../../arm-none-eabi/lib/thumb/v7-m/nofp\libc_nano.a(lib_a-reent.o)
 .ARM.attributes
                0x00000000000006d6       0x2d c:/st/stm32cubeide_1.7.0/stm32cubeide/plugins/com.st.stm32cube.ide.mcu.externaltools.gnu-tools-for-stm32.9-2020-q2-update.win32_2.0.0.202105311346/tools/bin/../lib/gcc/arm-none-eabi/9.3.1/../../../../arm-none-eabi/lib/thumb/v7-m/nofp\libc_nano.a(lib_a-lock.o)
 .ARM.attributes
                0x0000000000000703       0x1d c:/st/stm32cubeide_1.7.0/stm32cubeide/plugins/com.st.stm32cube.ide.mcu.externaltools.gnu-tools-for-stm32.9-2020-q2-update.win32_2.0.0.202105311346/tools/bin/../lib/gcc/arm-none-eabi/9.3.1/thumb/v7-m/nofp/crtn.o
OUTPUT(lab3_xuong_mach.elf elf32-littlearm)
LOAD linker stubs
LOAD c:/st/stm32cubeide_1.7.0/stm32cubeide/plugins/com.st.stm32cube.ide.mcu.externaltools.gnu-tools-for-stm32.9-2020-q2-update.win32_2.0.0.202105311346/tools/bin/../lib/gcc/arm-none-eabi/9.3.1/../../../../arm-none-eabi/lib/thumb/v7-m/nofp\libc.a
LOAD c:/st/stm32cubeide_1.7.0/stm32cubeide/plugins/com.st.stm32cube.ide.mcu.externaltools.gnu-tools-for-stm32.9-2020-q2-update.win32_2.0.0.202105311346/tools/bin/../lib/gcc/arm-none-eabi/9.3.1/../../../../arm-none-eabi/lib/thumb/v7-m/nofp\libm.a
LOAD c:/st/stm32cubeide_1.7.0/stm32cubeide/plugins/com.st.stm32cube.ide.mcu.externaltools.gnu-tools-for-stm32.9-2020-q2-update.win32_2.0.0.202105311346/tools/bin/../lib/gcc/arm-none-eabi/9.3.1/thumb/v7-m/nofp\libgcc.a

.debug_info     0x0000000000000000    0x118e5
 .debug_info    0x0000000000000000      0xb9d ./Core/Src/input_processing.o
 .debug_info    0x0000000000000b9d      0xb57 ./Core/Src/input_reading.o
 .debug_info    0x00000000000016f4      0xfc9 ./Core/Src/main.o
 .debug_info    0x00000000000026bd     0x15ca ./Core/Src/mode_processing.o
 .debug_info    0x0000000000003c87      0xb5e ./Core/Src/normal_mode.o
 .debug_info    0x00000000000047e5      0xbc0 ./Core/Src/scheduler.o
 .debug_info    0x00000000000053a5       0xe2 ./Core/Src/software_timer.o
 .debug_info    0x0000000000005487      0xe85 ./Core/Src/stm32f1xx_hal_msp.o
 .debug_info    0x000000000000630c      0xa57 ./Core/Src/stm32f1xx_it.o
 .debug_info    0x0000000000006d63      0xa25 ./Core/Src/sysmem.o
 .debug_info    0x0000000000007788      0x2be ./Core/Src/system_stm32f1xx.o
 .debug_info    0x0000000000007a46       0x22 ./Core/Startup/startup_stm32f103rbtx.o
 .debug_info    0x0000000000007a68      0x76a ./Drivers/STM32F1xx_HAL_Driver/Src/stm32f1xx_hal.o
 .debug_info    0x00000000000081d2      0xbdc ./Drivers/STM32F1xx_HAL_Driver/Src/stm32f1xx_hal_cortex.o
 .debug_info    0x0000000000008dae      0x823 ./Drivers/STM32F1xx_HAL_Driver/Src/stm32f1xx_hal_dma.o
 .debug_info    0x00000000000095d1      0x701 ./Drivers/STM32F1xx_HAL_Driver/Src/stm32f1xx_hal_gpio.o
 .debug_info    0x0000000000009cd2      0x893 ./Drivers/STM32F1xx_HAL_Driver/Src/stm32f1xx_hal_rcc.o
 .debug_info    0x000000000000a565     0x2c12 ./Drivers/STM32F1xx_HAL_Driver/Src/stm32f1xx_hal_tim.o
 .debug_info    0x000000000000d177     0x157f ./Drivers/STM32F1xx_HAL_Driver/Src/stm32f1xx_hal_tim_ex.o
 .debug_info    0x000000000000e6f6     0x31ef ./Drivers/STM32F1xx_HAL_Driver/Src/stm32f1xx_hal_uart.o

.debug_abbrev   0x0000000000000000     0x271c
 .debug_abbrev  0x0000000000000000      0x193 ./Core/Src/input_processing.o
 .debug_abbrev  0x0000000000000193      0x1cb ./Core/Src/input_reading.o
 .debug_abbrev  0x000000000000035e      0x2b6 ./Core/Src/main.o
 .debug_abbrev  0x0000000000000614      0x2bb ./Core/Src/mode_processing.o
 .debug_abbrev  0x00000000000008cf      0x19c ./Core/Src/normal_mode.o
 .debug_abbrev  0x0000000000000a6b      0x25f ./Core/Src/scheduler.o
 .debug_abbrev  0x0000000000000cca       0xc3 ./Core/Src/software_timer.o
 .debug_abbrev  0x0000000000000d8d      0x1c8 ./Core/Src/stm32f1xx_hal_msp.o
 .debug_abbrev  0x0000000000000f55      0x176 ./Core/Src/stm32f1xx_it.o
 .debug_abbrev  0x00000000000010cb      0x1bf ./Core/Src/sysmem.o
 .debug_abbrev  0x000000000000128a      0x14e ./Core/Src/system_stm32f1xx.o
 .debug_abbrev  0x00000000000013d8       0x12 ./Core/Startup/startup_stm32f103rbtx.o
 .debug_abbrev  0x00000000000013ea      0x1ed ./Drivers/STM32F1xx_HAL_Driver/Src/stm32f1xx_hal.o
 .debug_abbrev  0x00000000000015d7      0x313 ./Drivers/STM32F1xx_HAL_Driver/Src/stm32f1xx_hal_cortex.o
 .debug_abbrev  0x00000000000018ea      0x228 ./Drivers/STM32F1xx_HAL_Driver/Src/stm32f1xx_hal_dma.o
 .debug_abbrev  0x0000000000001b12      0x1e8 ./Drivers/STM32F1xx_HAL_Driver/Src/stm32f1xx_hal_gpio.o
 .debug_abbrev  0x0000000000001cfa      0x273 ./Drivers/STM32F1xx_HAL_Driver/Src/stm32f1xx_hal_rcc.o
 .debug_abbrev  0x0000000000001f6d      0x25e ./Drivers/STM32F1xx_HAL_Driver/Src/stm32f1xx_hal_tim.o
 .debug_abbrev  0x00000000000021cb      0x266 ./Drivers/STM32F1xx_HAL_Driver/Src/stm32f1xx_hal_tim_ex.o
 .debug_abbrev  0x0000000000002431      0x2eb ./Drivers/STM32F1xx_HAL_Driver/Src/stm32f1xx_hal_uart.o

.debug_aranges  0x0000000000000000      0xd80
 .debug_aranges
                0x0000000000000000       0x20 ./Core/Src/input_processing.o
 .debug_aranges
                0x0000000000000020       0x30 ./Core/Src/input_reading.o
 .debug_aranges
                0x0000000000000050       0x58 ./Core/Src/main.o
 .debug_aranges
                0x00000000000000a8       0x90 ./Core/Src/mode_processing.o
 .debug_aranges
                0x0000000000000138       0x20 ./Core/Src/normal_mode.o
 .debug_aranges
                0x0000000000000158       0x48 ./Core/Src/scheduler.o
 .debug_aranges
                0x00000000000001a0       0x30 ./Core/Src/software_timer.o
 .debug_aranges
                0x00000000000001d0       0x48 ./Core/Src/stm32f1xx_hal_msp.o
 .debug_aranges
                0x0000000000000218       0x70 ./Core/Src/stm32f1xx_it.o
 .debug_aranges
                0x0000000000000288       0x20 ./Core/Src/sysmem.o
 .debug_aranges
                0x00000000000002a8       0x28 ./Core/Src/system_stm32f1xx.o
 .debug_aranges
                0x00000000000002d0       0x28 ./Core/Startup/startup_stm32f103rbtx.o
 .debug_aranges
                0x00000000000002f8       0xe0 ./Drivers/STM32F1xx_HAL_Driver/Src/stm32f1xx_hal.o
 .debug_aranges
                0x00000000000003d8      0x100 ./Drivers/STM32F1xx_HAL_Driver/Src/stm32f1xx_hal_cortex.o
 .debug_aranges
                0x00000000000004d8       0x80 ./Drivers/STM32F1xx_HAL_Driver/Src/stm32f1xx_hal_dma.o
 .debug_aranges
                0x0000000000000558       0x58 ./Drivers/STM32F1xx_HAL_Driver/Src/stm32f1xx_hal_gpio.o
 .debug_aranges
                0x00000000000005b0       0x90 ./Drivers/STM32F1xx_HAL_Driver/Src/stm32f1xx_hal_rcc.o
 .debug_aranges
                0x0000000000000640      0x3d0 ./Drivers/STM32F1xx_HAL_Driver/Src/stm32f1xx_hal_tim.o
 .debug_aranges
                0x0000000000000a10      0x168 ./Drivers/STM32F1xx_HAL_Driver/Src/stm32f1xx_hal_tim_ex.o
 .debug_aranges
                0x0000000000000b78      0x208 ./Drivers/STM32F1xx_HAL_Driver/Src/stm32f1xx_hal_uart.o

.debug_ranges   0x0000000000000000      0xc78
 .debug_ranges  0x0000000000000000       0x10 ./Core/Src/input_processing.o
 .debug_ranges  0x0000000000000010       0x20 ./Core/Src/input_reading.o
 .debug_ranges  0x0000000000000030       0x48 ./Core/Src/main.o
 .debug_ranges  0x0000000000000078       0x80 ./Core/Src/mode_processing.o
 .debug_ranges  0x00000000000000f8       0x10 ./Core/Src/normal_mode.o
 .debug_ranges  0x0000000000000108       0x38 ./Core/Src/scheduler.o
 .debug_ranges  0x0000000000000140       0x20 ./Core/Src/software_timer.o
 .debug_ranges  0x0000000000000160       0x38 ./Core/Src/stm32f1xx_hal_msp.o
 .debug_ranges  0x0000000000000198       0x60 ./Core/Src/stm32f1xx_it.o
 .debug_ranges  0x00000000000001f8       0x10 ./Core/Src/sysmem.o
 .debug_ranges  0x0000000000000208       0x18 ./Core/Src/system_stm32f1xx.o
 .debug_ranges  0x0000000000000220       0x20 ./Core/Startup/startup_stm32f103rbtx.o
 .debug_ranges  0x0000000000000240       0xd0 ./Drivers/STM32F1xx_HAL_Driver/Src/stm32f1xx_hal.o
 .debug_ranges  0x0000000000000310       0xf0 ./Drivers/STM32F1xx_HAL_Driver/Src/stm32f1xx_hal_cortex.o
 .debug_ranges  0x0000000000000400       0x70 ./Drivers/STM32F1xx_HAL_Driver/Src/stm32f1xx_hal_dma.o
 .debug_ranges  0x0000000000000470       0x48 ./Drivers/STM32F1xx_HAL_Driver/Src/stm32f1xx_hal_gpio.o
 .debug_ranges  0x00000000000004b8       0x80 ./Drivers/STM32F1xx_HAL_Driver/Src/stm32f1xx_hal_rcc.o
 .debug_ranges  0x0000000000000538      0x3c0 ./Drivers/STM32F1xx_HAL_Driver/Src/stm32f1xx_hal_tim.o
 .debug_ranges  0x00000000000008f8      0x158 ./Drivers/STM32F1xx_HAL_Driver/Src/stm32f1xx_hal_tim_ex.o
 .debug_ranges  0x0000000000000a50      0x228 ./Drivers/STM32F1xx_HAL_Driver/Src/stm32f1xx_hal_uart.o

.debug_macro    0x0000000000000000    0x18612
 .debug_macro   0x0000000000000000      0x1f0 ./Core/Src/input_processing.o
 .debug_macro   0x00000000000001f0      0xa9c ./Core/Src/input_processing.o
 .debug_macro   0x0000000000000c8c      0x21b ./Core/Src/input_processing.o
 .debug_macro   0x0000000000000ea7       0x2e ./Core/Src/input_processing.o
 .debug_macro   0x0000000000000ed5       0x22 ./Core/Src/input_processing.o
 .debug_macro   0x0000000000000ef7       0x22 ./Core/Src/input_processing.o
 .debug_macro   0x0000000000000f19       0x8e ./Core/Src/input_processing.o
 .debug_macro   0x0000000000000fa7       0x51 ./Core/Src/input_processing.o
 .debug_macro   0x0000000000000ff8      0x103 ./Core/Src/input_processing.o
 .debug_macro   0x00000000000010fb       0x6a ./Core/Src/input_processing.o
 .debug_macro   0x0000000000001165      0x1df ./Core/Src/input_processing.o
 .debug_macro   0x0000000000001344       0x1c ./Core/Src/input_processing.o
 .debug_macro   0x0000000000001360       0x22 ./Core/Src/input_processing.o
 .debug_macro   0x0000000000001382       0xc3 ./Core/Src/input_processing.o
 .debug_macro   0x0000000000001445      0xd23 ./Core/Src/input_processing.o
 .debug_macro   0x0000000000002168     0xe09e ./Core/Src/input_processing.o
 .debug_macro   0x0000000000010206       0x6d ./Core/Src/input_processing.o
 .debug_macro   0x0000000000010273     0x348d ./Core/Src/input_processing.o
 .debug_macro   0x0000000000013700      0x174 ./Core/Src/input_processing.o
 .debug_macro   0x0000000000013874       0x5c ./Core/Src/input_processing.o
 .debug_macro   0x00000000000138d0      0x5bc ./Core/Src/input_processing.o
 .debug_macro   0x0000000000013e8c      0x289 ./Core/Src/input_processing.o
 .debug_macro   0x0000000000014115      0x1cb ./Core/Src/input_processing.o
 .debug_macro   0x00000000000142e0      0x114 ./Core/Src/input_processing.o
 .debug_macro   0x00000000000143f4      0x1b2 ./Core/Src/input_processing.o
 .debug_macro   0x00000000000145a6       0x27 ./Core/Src/input_processing.o
 .debug_macro   0x00000000000145cd      0x136 ./Core/Src/input_processing.o
 .debug_macro   0x0000000000014703      0x1bc ./Core/Src/input_processing.o
 .debug_macro   0x00000000000148bf       0x34 ./Core/Src/input_processing.o
 .debug_macro   0x00000000000148f3       0x3c ./Core/Src/input_processing.o
 .debug_macro   0x000000000001492f       0x57 ./Core/Src/input_processing.o
 .debug_macro   0x0000000000014986       0x87 ./Core/Src/input_processing.o
 .debug_macro   0x0000000000014a0d      0x240 ./Core/Src/input_processing.o
 .debug_macro   0x0000000000014c4d      0x140 ./Core/Src/input_processing.o
 .debug_macro   0x0000000000014d8d      0x8ed ./Core/Src/input_processing.o
 .debug_macro   0x000000000001567a      0x28e ./Core/Src/input_processing.o
 .debug_macro   0x0000000000015908       0x83 ./Core/Src/input_processing.o
 .debug_macro   0x000000000001598b       0x88 ./Core/Src/input_processing.o
 .debug_macro   0x0000000000015a13       0x10 ./Core/Src/input_processing.o
 .debug_macro   0x0000000000015a23       0x22 ./Core/Src/input_processing.o
 .debug_macro   0x0000000000015a45      0x1cd ./Core/Src/input_reading.o
 .debug_macro   0x0000000000015c12      0x1d8 ./Core/Src/main.o
 .debug_macro   0x0000000000015dea       0x16 ./Core/Src/main.o
 .debug_macro   0x0000000000015e00      0x37f ./Core/Src/mode_processing.o
 .debug_macro   0x000000000001617f       0x52 ./Core/Src/mode_processing.o
 .debug_macro   0x00000000000161d1       0x18 ./Core/Src/mode_processing.o
 .debug_macro   0x00000000000161e9       0x3c ./Core/Src/mode_processing.o
 .debug_macro   0x0000000000016225       0x34 ./Core/Src/mode_processing.o
 .debug_macro   0x0000000000016259       0x16 ./Core/Src/mode_processing.o
 .debug_macro   0x000000000001626f       0x35 ./Core/Src/mode_processing.o
 .debug_macro   0x00000000000162a4      0x333 ./Core/Src/mode_processing.o
 .debug_macro   0x00000000000165d7       0x10 ./Core/Src/mode_processing.o
 .debug_macro   0x00000000000165e7       0x16 ./Core/Src/mode_processing.o
 .debug_macro   0x00000000000165fd       0x43 ./Core/Src/mode_processing.o
 .debug_macro   0x0000000000016640       0x34 ./Core/Src/mode_processing.o
 .debug_macro   0x0000000000016674       0x10 ./Core/Src/mode_processing.o
 .debug_macro   0x0000000000016684       0x58 ./Core/Src/mode_processing.o
 .debug_macro   0x00000000000166dc       0x71 ./Core/Src/mode_processing.o
 .debug_macro   0x000000000001674d       0x1c ./Core/Src/mode_processing.o
 .debug_macro   0x0000000000016769      0x12a ./Core/Src/mode_processing.o
 .debug_macro   0x0000000000016893       0x10 ./Core/Src/mode_processing.o
 .debug_macro   0x00000000000168a3       0x1c ./Core/Src/mode_processing.o
 .debug_macro   0x00000000000168bf       0x52 ./Core/Src/mode_processing.o
 .debug_macro   0x0000000000016911       0x22 ./Core/Src/mode_processing.o
 .debug_macro   0x0000000000016933       0x10 ./Core/Src/mode_processing.o
 .debug_macro   0x0000000000016943       0x40 ./Core/Src/mode_processing.o
 .debug_macro   0x0000000000016983       0xd5 ./Core/Src/mode_processing.o
 .debug_macro   0x0000000000016a58       0x1c ./Core/Src/mode_processing.o
 .debug_macro   0x0000000000016a74       0x3d ./Core/Src/mode_processing.o
 .debug_macro   0x0000000000016ab1       0x16 ./Core/Src/mode_processing.o
 .debug_macro   0x0000000000016ac7      0x145 ./Core/Src/mode_processing.o
 .debug_macro   0x0000000000016c0c       0x16 ./Core/Src/mode_processing.o
 .debug_macro   0x0000000000016c22       0x20 ./Core/Src/mode_processing.o
 .debug_macro   0x0000000000016c42      0x1de ./Core/Src/normal_mode.o
 .debug_macro   0x0000000000016e20      0x1cb ./Core/Src/scheduler.o
 .debug_macro   0x0000000000016feb       0x21 ./Core/Src/software_timer.o
 .debug_macro   0x000000000001700c      0x1b2 ./Core/Src/stm32f1xx_hal_msp.o
 .debug_macro   0x00000000000171be      0x1bc ./Core/Src/stm32f1xx_it.o
 .debug_macro   0x000000000001737a       0xff ./Core/Src/sysmem.o
 .debug_macro   0x0000000000017479      0x23b ./Core/Src/sysmem.o
 .debug_macro   0x00000000000176b4      0x1a3 ./Core/Src/system_stm32f1xx.o
 .debug_macro   0x0000000000017857      0x1c7 ./Drivers/STM32F1xx_HAL_Driver/Src/stm32f1xx_hal.o
 .debug_macro   0x0000000000017a1e      0x1a3 ./Drivers/STM32F1xx_HAL_Driver/Src/stm32f1xx_hal_cortex.o
 .debug_macro   0x0000000000017bc1      0x1a3 ./Drivers/STM32F1xx_HAL_Driver/Src/stm32f1xx_hal_dma.o
 .debug_macro   0x0000000000017d64      0x20e ./Drivers/STM32F1xx_HAL_Driver/Src/stm32f1xx_hal_gpio.o
 .debug_macro   0x0000000000017f72      0x1b5 ./Drivers/STM32F1xx_HAL_Driver/Src/stm32f1xx_hal_rcc.o
 .debug_macro   0x0000000000018127      0x1a4 ./Drivers/STM32F1xx_HAL_Driver/Src/stm32f1xx_hal_tim.o
 .debug_macro   0x00000000000182cb      0x1a3 ./Drivers/STM32F1xx_HAL_Driver/Src/stm32f1xx_hal_tim_ex.o
 .debug_macro   0x000000000001846e      0x1a4 ./Drivers/STM32F1xx_HAL_Driver/Src/stm32f1xx_hal_uart.o

.debug_line     0x0000000000000000     0xff4b
 .debug_line    0x0000000000000000      0x7f9 ./Core/Src/input_processing.o
 .debug_line    0x00000000000007f9      0x753 ./Core/Src/input_reading.o
 .debug_line    0x0000000000000f4c      0x8a2 ./Core/Src/main.o
 .debug_line    0x00000000000017ee      0xd0b ./Core/Src/mode_processing.o
 .debug_line    0x00000000000024f9      0x771 ./Core/Src/normal_mode.o
 .debug_line    0x0000000000002c6a      0x9a4 ./Core/Src/scheduler.o
 .debug_line    0x000000000000360e       0xcf ./Core/Src/software_timer.o
 .debug_line    0x00000000000036dd      0x75a ./Core/Src/stm32f1xx_hal_msp.o
 .debug_line    0x0000000000003e37      0x76f ./Core/Src/stm32f1xx_it.o
 .debug_line    0x00000000000045a6      0x4f8 ./Core/Src/sysmem.o
 .debug_line    0x0000000000004a9e      0x6fb ./Core/Src/system_stm32f1xx.o
 .debug_line    0x0000000000005199       0x86 ./Core/Startup/startup_stm32f103rbtx.o
 .debug_line    0x000000000000521f      0x928 ./Drivers/STM32F1xx_HAL_Driver/Src/stm32f1xx_hal.o
 .debug_line    0x0000000000005b47      0xb10 ./Drivers/STM32F1xx_HAL_Driver/Src/stm32f1xx_hal_cortex.o
 .debug_line    0x0000000000006657      0xd81 ./Drivers/STM32F1xx_HAL_Driver/Src/stm32f1xx_hal_dma.o
 .debug_line    0x00000000000073d8      0x9c1 ./Drivers/STM32F1xx_HAL_Driver/Src/stm32f1xx_hal_gpio.o
 .debug_line    0x0000000000007d99      0xd34 ./Drivers/STM32F1xx_HAL_Driver/Src/stm32f1xx_hal_rcc.o
 .debug_line    0x0000000000008acd     0x33a7 ./Drivers/STM32F1xx_HAL_Driver/Src/stm32f1xx_hal_tim.o
 .debug_line    0x000000000000be74     0x187e ./Drivers/STM32F1xx_HAL_Driver/Src/stm32f1xx_hal_tim_ex.o
 .debug_line    0x000000000000d6f2     0x2859 ./Drivers/STM32F1xx_HAL_Driver/Src/stm32f1xx_hal_uart.o

.debug_str      0x0000000000000000    0x8b650
 .debug_str     0x0000000000000000    0x83e8f ./Core/Src/input_processing.o
                                      0x8429f (size before relaxing)
 .debug_str     0x0000000000083e8f      0x14c ./Core/Src/input_reading.o
                                      0x840c8 (size before relaxing)
 .debug_str     0x0000000000083fdb      0x39d ./Core/Src/main.o
                                      0x843d3 (size before relaxing)
 .debug_str     0x0000000000084378     0x41dc ./Core/Src/mode_processing.o
                                      0x88356 (size before relaxing)
 .debug_str     0x0000000000088554       0x39 ./Core/Src/normal_mode.o
                                      0x84102 (size before relaxing)
 .debug_str     0x000000000008858d       0xd8 ./Core/Src/scheduler.o
                                      0x840cf (size before relaxing)
 .debug_str     0x0000000000088665       0x61 ./Core/Src/software_timer.o
                                       0x2e3d (size before relaxing)
 .debug_str     0x00000000000886c6      0x332 ./Core/Src/stm32f1xx_hal_msp.o
                                      0x8436b (size before relaxing)
 .debug_str     0x00000000000889f8       0xdf ./Core/Src/stm32f1xx_it.o
                                      0x84019 (size before relaxing)
 .debug_str     0x0000000000088ad7      0x4e9 ./Core/Src/sysmem.o
                                       0x629e (size before relaxing)
 .debug_str     0x0000000000088fc0       0x52 ./Core/Src/system_stm32f1xx.o
                                      0x836f6 (size before relaxing)
 .debug_str     0x0000000000089012       0x36 ./Core/Startup/startup_stm32f103rbtx.o
                                         0xb2 (size before relaxing)
 .debug_str     0x0000000000089048      0x304 ./Drivers/STM32F1xx_HAL_Driver/Src/stm32f1xx_hal.o
                                      0x83d87 (size before relaxing)
 .debug_str     0x000000000008934c      0x300 ./Drivers/STM32F1xx_HAL_Driver/Src/stm32f1xx_hal_cortex.o
                                      0x83d8f (size before relaxing)
 .debug_str     0x000000000008964c      0x235 ./Drivers/STM32F1xx_HAL_Driver/Src/stm32f1xx_hal_dma.o
                                      0x83ad1 (size before relaxing)
 .debug_str     0x0000000000089881      0x311 ./Drivers/STM32F1xx_HAL_Driver/Src/stm32f1xx_hal_gpio.o
                                      0x83aba (size before relaxing)
 .debug_str     0x0000000000089b92      0x24f ./Drivers/STM32F1xx_HAL_Driver/Src/stm32f1xx_hal_rcc.o
                                      0x83af3 (size before relaxing)
 .debug_str     0x0000000000089de1      0xd68 ./Drivers/STM32F1xx_HAL_Driver/Src/stm32f1xx_hal_tim.o
                                      0x84acc (size before relaxing)
 .debug_str     0x000000000008ab49      0x4ee ./Drivers/STM32F1xx_HAL_Driver/Src/stm32f1xx_hal_tim_ex.o
                                      0x8427d (size before relaxing)
 .debug_str     0x000000000008b037      0x619 ./Drivers/STM32F1xx_HAL_Driver/Src/stm32f1xx_hal_uart.o
                                      0x8414b (size before relaxing)

.comment        0x0000000000000000       0x53
 .comment       0x0000000000000000       0x53 ./Core/Src/input_processing.o
                                         0x54 (size before relaxing)
 .comment       0x0000000000000053       0x54 ./Core/Src/input_reading.o
 .comment       0x0000000000000053       0x54 ./Core/Src/main.o
 .comment       0x0000000000000053       0x54 ./Core/Src/mode_processing.o
 .comment       0x0000000000000053       0x54 ./Core/Src/normal_mode.o
 .comment       0x0000000000000053       0x54 ./Core/Src/scheduler.o
 .comment       0x0000000000000053       0x54 ./Core/Src/software_timer.o
 .comment       0x0000000000000053       0x54 ./Core/Src/stm32f1xx_hal_msp.o
 .comment       0x0000000000000053       0x54 ./Core/Src/stm32f1xx_it.o
 .comment       0x0000000000000053       0x54 ./Core/Src/sysmem.o
 .comment       0x0000000000000053       0x54 ./Core/Src/system_stm32f1xx.o
 .comment       0x0000000000000053       0x54 ./Drivers/STM32F1xx_HAL_Driver/Src/stm32f1xx_hal.o
 .comment       0x0000000000000053       0x54 ./Drivers/STM32F1xx_HAL_Driver/Src/stm32f1xx_hal_cortex.o
 .comment       0x0000000000000053       0x54 ./Drivers/STM32F1xx_HAL_Driver/Src/stm32f1xx_hal_dma.o
 .comment       0x0000000000000053       0x54 ./Drivers/STM32F1xx_HAL_Driver/Src/stm32f1xx_hal_gpio.o
 .comment       0x0000000000000053       0x54 ./Drivers/STM32F1xx_HAL_Driver/Src/stm32f1xx_hal_rcc.o
 .comment       0x0000000000000053       0x54 ./Drivers/STM32F1xx_HAL_Driver/Src/stm32f1xx_hal_tim.o
 .comment       0x0000000000000053       0x54 ./Drivers/STM32F1xx_HAL_Driver/Src/stm32f1xx_hal_tim_ex.o
 .comment       0x0000000000000053       0x54 ./Drivers/STM32F1xx_HAL_Driver/Src/stm32f1xx_hal_uart.o

.debug_frame    0x0000000000000000     0x3a64
 .debug_frame   0x0000000000000000       0x2c ./Core/Src/input_processing.o
 .debug_frame   0x000000000000002c       0x88 ./Core/Src/input_reading.o
 .debug_frame   0x00000000000000b4      0x114 ./Core/Src/main.o
 .debug_frame   0x00000000000001c8      0x1e4 ./Core/Src/mode_processing.o
 .debug_frame   0x00000000000003ac       0x2c ./Core/Src/normal_mode.o
 .debug_frame   0x00000000000003d8       0xec ./Core/Src/scheduler.o
 .debug_frame   0x00000000000004c4       0x80 ./Core/Src/software_timer.o
 .debug_frame   0x0000000000000544       0xec ./Core/Src/stm32f1xx_hal_msp.o
 .debug_frame   0x0000000000000630      0x13c ./Core/Src/stm32f1xx_it.o
 .debug_frame   0x000000000000076c       0x34 ./Core/Src/sysmem.o
 .debug_frame   0x00000000000007a0       0x58 ./Core/Src/system_stm32f1xx.o
 .debug_frame   0x00000000000007f8      0x334 ./Drivers/STM32F1xx_HAL_Driver/Src/stm32f1xx_hal.o
 .debug_frame   0x0000000000000b2c      0x428 ./Drivers/STM32F1xx_HAL_Driver/Src/stm32f1xx_hal_cortex.o
 .debug_frame   0x0000000000000f54      0x208 ./Drivers/STM32F1xx_HAL_Driver/Src/stm32f1xx_hal_dma.o
 .debug_frame   0x000000000000115c      0x14c ./Drivers/STM32F1xx_HAL_Driver/Src/stm32f1xx_hal_gpio.o
 .debug_frame   0x00000000000012a8      0x218 ./Drivers/STM32F1xx_HAL_Driver/Src/stm32f1xx_hal_rcc.o
 .debug_frame   0x00000000000014c0     0x11bc ./Drivers/STM32F1xx_HAL_Driver/Src/stm32f1xx_hal_tim.o
 .debug_frame   0x000000000000267c      0x638 ./Drivers/STM32F1xx_HAL_Driver/Src/stm32f1xx_hal_tim_ex.o
 .debug_frame   0x0000000000002cb4      0x944 ./Drivers/STM32F1xx_HAL_Driver/Src/stm32f1xx_hal_uart.o
 .debug_frame   0x00000000000035f8       0x20 c:/st/stm32cubeide_1.7.0/stm32cubeide/plugins/com.st.stm32cube.ide.mcu.externaltools.gnu-tools-for-stm32.9-2020-q2-update.win32_2.0.0.202105311346/tools/bin/../lib/gcc/arm-none-eabi/9.3.1/../../../../arm-none-eabi/lib/thumb/v7-m/nofp\libc_nano.a(lib_a-errno.o)
 .debug_frame   0x0000000000003618       0x2c c:/st/stm32cubeide_1.7.0/stm32cubeide/plugins/com.st.stm32cube.ide.mcu.externaltools.gnu-tools-for-stm32.9-2020-q2-update.win32_2.0.0.202105311346/tools/bin/../lib/gcc/arm-none-eabi/9.3.1/../../../../arm-none-eabi/lib/thumb/v7-m/nofp\libc_nano.a(lib_a-init.o)
 .debug_frame   0x0000000000003644       0x20 c:/st/stm32cubeide_1.7.0/stm32cubeide/plugins/com.st.stm32cube.ide.mcu.externaltools.gnu-tools-for-stm32.9-2020-q2-update.win32_2.0.0.202105311346/tools/bin/../lib/gcc/arm-none-eabi/9.3.1/../../../../arm-none-eabi/lib/thumb/v7-m/nofp\libc_nano.a(lib_a-memset.o)
 .debug_frame   0x0000000000003664       0x6c c:/st/stm32cubeide_1.7.0/stm32cubeide/plugins/com.st.stm32cube.ide.mcu.externaltools.gnu-tools-for-stm32.9-2020-q2-update.win32_2.0.0.202105311346/tools/bin/../lib/gcc/arm-none-eabi/9.3.1/../../../../arm-none-eabi/lib/thumb/v7-m/nofp\libc_nano.a(lib_a-sprintf.o)
 .debug_frame   0x00000000000036d0       0x90 c:/st/stm32cubeide_1.7.0/stm32cubeide/plugins/com.st.stm32cube.ide.mcu.externaltools.gnu-tools-for-stm32.9-2020-q2-update.win32_2.0.0.202105311346/tools/bin/../lib/gcc/arm-none-eabi/9.3.1/../../../../arm-none-eabi/lib/thumb/v7-m/nofp\libc_nano.a(lib_a-nano-svfprintf.o)
 .debug_frame   0x0000000000003760       0x60 c:/st/stm32cubeide_1.7.0/stm32cubeide/plugins/com.st.stm32cube.ide.mcu.externaltools.gnu-tools-for-stm32.9-2020-q2-update.win32_2.0.0.202105311346/tools/bin/../lib/gcc/arm-none-eabi/9.3.1/../../../../arm-none-eabi/lib/thumb/v7-m/nofp\libc_nano.a(lib_a-nano-vfprintf_i.o)
 .debug_frame   0x00000000000037c0       0x28 c:/st/stm32cubeide_1.7.0/stm32cubeide/plugins/com.st.stm32cube.ide.mcu.externaltools.gnu-tools-for-stm32.9-2020-q2-update.win32_2.0.0.202105311346/tools/bin/../lib/gcc/arm-none-eabi/9.3.1/../../../../arm-none-eabi/lib/thumb/v7-m/nofp\libc_nano.a(lib_a-memchr-stub.o)
 .debug_frame   0x00000000000037e8       0x28 c:/st/stm32cubeide_1.7.0/stm32cubeide/plugins/com.st.stm32cube.ide.mcu.externaltools.gnu-tools-for-stm32.9-2020-q2-update.win32_2.0.0.202105311346/tools/bin/../lib/gcc/arm-none-eabi/9.3.1/../../../../arm-none-eabi/lib/thumb/v7-m/nofp\libc_nano.a(lib_a-memcpy-stub.o)
 .debug_frame   0x0000000000003810       0x28 c:/st/stm32cubeide_1.7.0/stm32cubeide/plugins/com.st.stm32cube.ide.mcu.externaltools.gnu-tools-for-stm32.9-2020-q2-update.win32_2.0.0.202105311346/tools/bin/../lib/gcc/arm-none-eabi/9.3.1/../../../../arm-none-eabi/lib/thumb/v7-m/nofp\libc_nano.a(lib_a-memmove.o)
 .debug_frame   0x0000000000003838       0x38 c:/st/stm32cubeide_1.7.0/stm32cubeide/plugins/com.st.stm32cube.ide.mcu.externaltools.gnu-tools-for-stm32.9-2020-q2-update.win32_2.0.0.202105311346/tools/bin/../lib/gcc/arm-none-eabi/9.3.1/../../../../arm-none-eabi/lib/thumb/v7-m/nofp\libc_nano.a(lib_a-nano-freer.o)
 .debug_frame   0x0000000000003870       0x30 c:/st/stm32cubeide_1.7.0/stm32cubeide/plugins/com.st.stm32cube.ide.mcu.externaltools.gnu-tools-for-stm32.9-2020-q2-update.win32_2.0.0.202105311346/tools/bin/../lib/gcc/arm-none-eabi/9.3.1/../../../../arm-none-eabi/lib/thumb/v7-m/nofp\libc_nano.a(lib_a-nano-mallocr.o)
 .debug_frame   0x00000000000038a0       0x3c c:/st/stm32cubeide_1.7.0/stm32cubeide/plugins/com.st.stm32cube.ide.mcu.externaltools.gnu-tools-for-stm32.9-2020-q2-update.win32_2.0.0.202105311346/tools/bin/../lib/gcc/arm-none-eabi/9.3.1/../../../../arm-none-eabi/lib/thumb/v7-m/nofp\libc_nano.a(lib_a-nano-reallocr.o)
 .debug_frame   0x00000000000038dc       0x2c c:/st/stm32cubeide_1.7.0/stm32cubeide/plugins/com.st.stm32cube.ide.mcu.externaltools.gnu-tools-for-stm32.9-2020-q2-update.win32_2.0.0.202105311346/tools/bin/../lib/gcc/arm-none-eabi/9.3.1/../../../../arm-none-eabi/lib/thumb/v7-m/nofp\libc_nano.a(lib_a-sbrkr.o)
 .debug_frame   0x0000000000003908       0x30 c:/st/stm32cubeide_1.7.0/stm32cubeide/plugins/com.st.stm32cube.ide.mcu.externaltools.gnu-tools-for-stm32.9-2020-q2-update.win32_2.0.0.202105311346/tools/bin/../lib/gcc/arm-none-eabi/9.3.1/../../../../arm-none-eabi/lib/thumb/v7-m/nofp\libc_nano.a(lib_a-mlock.o)
 .debug_frame   0x0000000000003938       0x20 c:/st/stm32cubeide_1.7.0/stm32cubeide/plugins/com.st.stm32cube.ide.mcu.externaltools.gnu-tools-for-stm32.9-2020-q2-update.win32_2.0.0.202105311346/tools/bin/../lib/gcc/arm-none-eabi/9.3.1/../../../../arm-none-eabi/lib/thumb/v7-m/nofp\libc_nano.a(lib_a-nano-msizer.o)
 .debug_frame   0x0000000000003958       0x5c c:/st/stm32cubeide_1.7.0/stm32cubeide/plugins/com.st.stm32cube.ide.mcu.externaltools.gnu-tools-for-stm32.9-2020-q2-update.win32_2.0.0.202105311346/tools/bin/../lib/gcc/arm-none-eabi/9.3.1/../../../../arm-none-eabi/lib/thumb/v7-m/nofp\libc_nano.a(lib_a-reent.o)
 .debug_frame   0x00000000000039b4       0xb0 c:/st/stm32cubeide_1.7.0/stm32cubeide/plugins/com.st.stm32cube.ide.mcu.externaltools.gnu-tools-for-stm32.9-2020-q2-update.win32_2.0.0.202105311346/tools/bin/../lib/gcc/arm-none-eabi/9.3.1/../../../../arm-none-eabi/lib/thumb/v7-m/nofp\libc_nano.a(lib_a-lock.o)
