mode_processing.c:14:6:checkFlagPedes	4	static
mode_processing.c:19:6:initBuzzerPedes	4	static
mode_processing.c:23:6:buzzerPedes	4	static
mode_processing.c:35:6:clearTerminal	16	static
mode_processing.c:39:6:printString	16	static
mode_processing.c:42:6:printValue	120	static
mode_processing.c:46:6:displayTLValues	8	static
mode_processing.c:78:6:modify_red	8	static
mode_processing.c:96:6:modify_yellow	8	static
mode_processing.c:114:6:modify_green	8	static
mode_processing.c:132:6:initLightPedes	8	static
mode_processing.c:137:6:setRedPedes	8	static
mode_processing.c:142:6:setGreenPedes	8	static
mode_processing.c:148:6:pes_processing	8	static
mode_processing.c:187:6:mode_processing	16	static
